Archive member included to satisfy reference by file (symbol)

c:/st/stm32cubeide_1.11.2/stm32cubeide/plugins/com.st.stm32cube.ide.mcu.externaltools.gnu-tools-for-stm32.10.3-2021.10.win32_1.0.100.202210260954/tools/bin/../lib/gcc/arm-none-eabi/10.3.1/../../../../arm-none-eabi/lib/thumb/v7e-m+fp/hard\libc_nano.a(lib_a-errno.o)
                              ./Core/Src/syscalls.o (__errno)
c:/st/stm32cubeide_1.11.2/stm32cubeide/plugins/com.st.stm32cube.ide.mcu.externaltools.gnu-tools-for-stm32.10.3-2021.10.win32_1.0.100.202210260954/tools/bin/../lib/gcc/arm-none-eabi/10.3.1/../../../../arm-none-eabi/lib/thumb/v7e-m+fp/hard\libc_nano.a(lib_a-exit.o)
                              c:/st/stm32cubeide_1.11.2/stm32cubeide/plugins/com.st.stm32cube.ide.mcu.externaltools.gnu-tools-for-stm32.10.3-2021.10.win32_1.0.100.202210260954/tools/bin/../lib/gcc/arm-none-eabi/10.3.1/../../../../arm-none-eabi/lib/thumb/v7e-m+fp/hard/crt0.o (exit)
c:/st/stm32cubeide_1.11.2/stm32cubeide/plugins/com.st.stm32cube.ide.mcu.externaltools.gnu-tools-for-stm32.10.3-2021.10.win32_1.0.100.202210260954/tools/bin/../lib/gcc/arm-none-eabi/10.3.1/../../../../arm-none-eabi/lib/thumb/v7e-m+fp/hard\libc_nano.a(lib_a-impure.o)
                              c:/st/stm32cubeide_1.11.2/stm32cubeide/plugins/com.st.stm32cube.ide.mcu.externaltools.gnu-tools-for-stm32.10.3-2021.10.win32_1.0.100.202210260954/tools/bin/../lib/gcc/arm-none-eabi/10.3.1/../../../../arm-none-eabi/lib/thumb/v7e-m+fp/hard\libc_nano.a(lib_a-exit.o) (_global_impure_ptr)
c:/st/stm32cubeide_1.11.2/stm32cubeide/plugins/com.st.stm32cube.ide.mcu.externaltools.gnu-tools-for-stm32.10.3-2021.10.win32_1.0.100.202210260954/tools/bin/../lib/gcc/arm-none-eabi/10.3.1/../../../../arm-none-eabi/lib/thumb/v7e-m+fp/hard\libc_nano.a(lib_a-init.o)
                              c:/st/stm32cubeide_1.11.2/stm32cubeide/plugins/com.st.stm32cube.ide.mcu.externaltools.gnu-tools-for-stm32.10.3-2021.10.win32_1.0.100.202210260954/tools/bin/../lib/gcc/arm-none-eabi/10.3.1/../../../../arm-none-eabi/lib/thumb/v7e-m+fp/hard/crt0.o (__libc_init_array)
c:/st/stm32cubeide_1.11.2/stm32cubeide/plugins/com.st.stm32cube.ide.mcu.externaltools.gnu-tools-for-stm32.10.3-2021.10.win32_1.0.100.202210260954/tools/bin/../lib/gcc/arm-none-eabi/10.3.1/../../../../arm-none-eabi/lib/thumb/v7e-m+fp/hard\libc_nano.a(lib_a-malloc.o)
                              ./Middlewares/ST/STM32_USB_Host_Library/Class/CDC/Src/usbh_cdc.o (malloc)
c:/st/stm32cubeide_1.11.2/stm32cubeide/plugins/com.st.stm32cube.ide.mcu.externaltools.gnu-tools-for-stm32.10.3-2021.10.win32_1.0.100.202210260954/tools/bin/../lib/gcc/arm-none-eabi/10.3.1/../../../../arm-none-eabi/lib/thumb/v7e-m+fp/hard\libc_nano.a(lib_a-memset.o)
                              c:/st/stm32cubeide_1.11.2/stm32cubeide/plugins/com.st.stm32cube.ide.mcu.externaltools.gnu-tools-for-stm32.10.3-2021.10.win32_1.0.100.202210260954/tools/bin/../lib/gcc/arm-none-eabi/10.3.1/../../../../arm-none-eabi/lib/thumb/v7e-m+fp/hard/crt0.o (memset)
c:/st/stm32cubeide_1.11.2/stm32cubeide/plugins/com.st.stm32cube.ide.mcu.externaltools.gnu-tools-for-stm32.10.3-2021.10.win32_1.0.100.202210260954/tools/bin/../lib/gcc/arm-none-eabi/10.3.1/../../../../arm-none-eabi/lib/thumb/v7e-m+fp/hard\libc_nano.a(lib_a-nano-freer.o)
                              c:/st/stm32cubeide_1.11.2/stm32cubeide/plugins/com.st.stm32cube.ide.mcu.externaltools.gnu-tools-for-stm32.10.3-2021.10.win32_1.0.100.202210260954/tools/bin/../lib/gcc/arm-none-eabi/10.3.1/../../../../arm-none-eabi/lib/thumb/v7e-m+fp/hard\libc_nano.a(lib_a-malloc.o) (_free_r)
c:/st/stm32cubeide_1.11.2/stm32cubeide/plugins/com.st.stm32cube.ide.mcu.externaltools.gnu-tools-for-stm32.10.3-2021.10.win32_1.0.100.202210260954/tools/bin/../lib/gcc/arm-none-eabi/10.3.1/../../../../arm-none-eabi/lib/thumb/v7e-m+fp/hard\libc_nano.a(lib_a-nano-mallocr.o)
                              c:/st/stm32cubeide_1.11.2/stm32cubeide/plugins/com.st.stm32cube.ide.mcu.externaltools.gnu-tools-for-stm32.10.3-2021.10.win32_1.0.100.202210260954/tools/bin/../lib/gcc/arm-none-eabi/10.3.1/../../../../arm-none-eabi/lib/thumb/v7e-m+fp/hard\libc_nano.a(lib_a-malloc.o) (_malloc_r)
c:/st/stm32cubeide_1.11.2/stm32cubeide/plugins/com.st.stm32cube.ide.mcu.externaltools.gnu-tools-for-stm32.10.3-2021.10.win32_1.0.100.202210260954/tools/bin/../lib/gcc/arm-none-eabi/10.3.1/../../../../arm-none-eabi/lib/thumb/v7e-m+fp/hard\libc_nano.a(lib_a-sbrkr.o)
                              c:/st/stm32cubeide_1.11.2/stm32cubeide/plugins/com.st.stm32cube.ide.mcu.externaltools.gnu-tools-for-stm32.10.3-2021.10.win32_1.0.100.202210260954/tools/bin/../lib/gcc/arm-none-eabi/10.3.1/../../../../arm-none-eabi/lib/thumb/v7e-m+fp/hard\libc_nano.a(lib_a-nano-mallocr.o) (_sbrk_r)
[...]
Memory Configuration

Name             Origin             Length             Attributes
RAM              0x0000000020000000 0x0000000000050000 xrw
FLASH            0x0000000008000000 0x0000000000180000 xr
*default*        0x0000000000000000 0xffffffffffffffff

Linker script and memory map

LOAD c:/st/stm32cubeide_1.11.2/stm32cubeide/plugins/com.st.stm32cube.ide.mcu.externaltools.gnu-tools-for-stm32.10.3-2021.10.win32_1.0.100.202210260954/tools/bin/../lib/gcc/arm-none-eabi/10.3.1/thumb/v7e-m+fp/hard/crti.o
LOAD c:/st/stm32cubeide_1.11.2/stm32cubeide/plugins/com.st.stm32cube.ide.mcu.externaltools.gnu-tools-for-stm32.10.3-2021.10.win32_1.0.100.202210260954/tools/bin/../lib/gcc/arm-none-eabi/10.3.1/thumb/v7e-m+fp/hard/crtbegin.o
LOAD c:/st/stm32cubeide_1.11.2/stm32cubeide/plugins/com.st.stm32cube.ide.mcu.externaltools.gnu-tools-for-stm32.10.3-2021.10.win32_1.0.100.202210260954/tools/bin/../lib/gcc/arm-none-eabi/10.3.1/../../../../arm-none-eabi/lib/thumb/v7e-m+fp/hard/crt0.o
LOAD ./Core/Src/main.o
LOAD ./Core/Src/stm32f4xx_hal_msp.o
LOAD ./Core/Src/stm32f4xx_it.o
LOAD ./Core/Src/syscalls.o
LOAD ./Core/Src/sysmem.o
LOAD ./Core/Src/system_stm32f4xx.o
LOAD ./Core/Startup/startup_stm32f413zhtx.o
LOAD ./Drivers/STM32F4xx_HAL_Driver/Src/stm32f4xx_hal.o
LOAD ./Drivers/STM32F4xx_HAL_Driver/Src/stm32f4xx_hal_adc.o
LOAD ./Drivers/STM32F4xx_HAL_Driver/Src/stm32f4xx_hal_adc_ex.o
LOAD ./Drivers/STM32F4xx_HAL_Driver/Src/stm32f4xx_hal_cortex.o
LOAD ./Drivers/STM32F4xx_HAL_Driver/Src/stm32f4xx_hal_dac.o
LOAD ./Drivers/STM32F4xx_HAL_Driver/Src/stm32f4xx_hal_dac_ex.o
LOAD ./Drivers/STM32F4xx_HAL_Driver/Src/stm32f4xx_hal_dfsdm.o
LOAD ./Drivers/STM32F4xx_HAL_Driver/Src/stm32f4xx_hal_dma.o
LOAD ./Drivers/STM32F4xx_HAL_Driver/Src/stm32f4xx_hal_dma_ex.o
LOAD ./Drivers/STM32F4xx_HAL_Driver/Src/stm32f4xx_hal_exti.o
LOAD ./Drivers/STM32F4xx_HAL_Driver/Src/stm32f4xx_hal_flash.o
LOAD ./Drivers/STM32F4xx_HAL_Driver/Src/stm32f4xx_hal_flash_ex.o
LOAD ./Drivers/STM32F4xx_HAL_Driver/Src/stm32f4xx_hal_flash_ramfunc.o
LOAD ./Drivers/STM32F4xx_HAL_Driver/Src/stm32f4xx_hal_fmpi2c.o
LOAD ./Drivers/STM32F4xx_HAL_Driver/Src/stm32f4xx_hal_fmpi2c_ex.o
LOAD ./Drivers/STM32F4xx_HAL_Driver/Src/stm32f4xx_hal_gpio.o
LOAD ./Drivers/STM32F4xx_HAL_Driver/Src/stm32f4xx_hal_hcd.o
LOAD ./Drivers/STM32F4xx_HAL_Driver/Src/stm32f4xx_hal_i2s.o
LOAD ./Drivers/STM32F4xx_HAL_Driver/Src/stm32f4xx_hal_i2s_ex.o
LOAD ./Drivers/STM32F4xx_HAL_Driver/Src/stm32f4xx_hal_pwr.o
LOAD ./Drivers/STM32F4xx_HAL_Driver/Src/stm32f4xx_hal_pwr_ex.o
LOAD ./Drivers/STM32F4xx_HAL_Driver/Src/stm32f4xx_hal_qspi.o
LOAD ./Drivers/STM32F4xx_HAL_Driver/Src/stm32f4xx_hal_rcc.o
LOAD ./Drivers/STM32F4xx_HAL_Driver/Src/stm32f4xx_hal_rcc_ex.o
LOAD ./Drivers/STM32F4xx_HAL_Driver/Src/stm32f4xx_hal_sd.o
LOAD ./Drivers/STM32F4xx_HAL_Driver/Src/stm32f4xx_hal_sram.o
LOAD ./Drivers/STM32F4xx_HAL_Driver/Src/stm32f4xx_hal_tim.o
LOAD ./Drivers/STM32F4xx_HAL_Driver/Src/stm32f4xx_hal_tim_ex.o
LOAD ./Drivers/STM32F4xx_HAL_Driver/Src/stm32f4xx_hal_uart.o
LOAD ./Drivers/STM32F4xx_HAL_Driver/Src/stm32f4xx_ll_adc.o
LOAD ./Drivers/STM32F4xx_HAL_Driver/Src/stm32f4xx_ll_fsmc.o
LOAD ./Drivers/STM32F4xx_HAL_Driver/Src/stm32f4xx_ll_sdmmc.o
LOAD ./Drivers/STM32F4xx_HAL_Driver/Src/stm32f4xx_ll_usb.o
LOAD ./Middlewares/ST/STM32_USB_Host_Library/Class/CDC/Src/usbh_cdc.o
LOAD ./Middlewares/ST/STM32_USB_Host_Library/Core/Src/usbh_core.o
LOAD ./Middlewares/ST/STM32_USB_Host_Library/Core/Src/usbh_ctlreq.o
LOAD ./Middlewares/ST/STM32_USB_Host_Library/Core/Src/usbh_ioreq.o
LOAD ./Middlewares/ST/STM32_USB_Host_Library/Core/Src/usbh_pipes.o
LOAD ./USB_HOST/App/usb_host.o
LOAD ./USB_HOST/Target/usbh_conf.o
LOAD ./USB_HOST/Target/usbh_platform.o
START GROUP
LOAD c:/st/stm32cubeide_1.11.2/stm32cubeide/plugins/com.st.stm32cube.ide.mcu.externaltools.gnu-tools-for-stm32.10.3-2021.10.win32_1.0.100.202210260954/tools/bin/../lib/gcc/arm-none-eabi/10.3.1/../../../../arm-none-eabi/lib/thumb/v7e-m+fp/hard\libc_nano.a
LOAD c:/st/stm32cubeide_1.11.2/stm32cubeide/plugins/com.st.stm32cube.ide.mcu.externaltools.gnu-tools-for-stm32.10.3-2021.10.win32_1.0.100.202210260954/tools/bin/../lib/gcc/arm-none-eabi/10.3.1/../../../../arm-none-eabi/lib/thumb/v7e-m+fp/hard\libm.a
END GROUP
START GROUP
LOAD c:/st/stm32cubeide_1.11.2/stm32cubeide/plugins/com.st.stm32cube.ide.mcu.externaltools.gnu-tools-for-stm32.10.3-2021.10.win32_1.0.100.202210260954/tools/bin/../lib/gcc/arm-none-eabi/10.3.1/thumb/v7e-m+fp/hard\libgcc.a
LOAD c:/st/stm32cubeide_1.11.2/stm32cubeide/plugins/com.st.stm32cube.ide.mcu.externaltools.gnu-tools-for-stm32.10.3-2021.10.win32_1.0.100.202210260954/tools/bin/../lib/gcc/arm-none-eabi/10.3.1/../../../../arm-none-eabi/lib/thumb/v7e-m+fp/hard\libc_nano.a
END GROUP
START GROUP
LOAD c:/st/stm32cubeide_1.11.2/stm32cubeide/plugins/com.st.stm32cube.ide.mcu.externaltools.gnu-tools-for-stm32.10.3-2021.10.win32_1.0.100.202210260954/tools/bin/../lib/gcc/arm-none-eabi/10.3.1/thumb/v7e-m+fp/hard\libgcc.a
LOAD c:/st/stm32cubeide_1.11.2/stm32cubeide/plugins/com.st.stm32cube.ide.mcu.externaltools.gnu-tools-for-stm32.10.3-2021.10.win32_1.0.100.202210260954/tools/bin/../lib/gcc/arm-none-eabi/10.3.1/../../../../arm-none-eabi/lib/thumb/v7e-m+fp/hard\libc_nano.a
LOAD c:/st/stm32cubeide_1.11.2/stm32cubeide/plugins/com.st.stm32cube.ide.mcu.externaltools.gnu-tools-for-stm32.10.3-2021.10.win32_1.0.100.202210260954/tools/bin/../lib/gcc/arm-none-eabi/10.3.1/../../../../arm-none-eabi/lib/thumb/v7e-m+fp/hard\libnosys.a
END GROUP
START GROUP
LOAD c:/st/stm32cubeide_1.11.2/stm32cubeide/plugins/com.st.stm32cube.ide.mcu.externaltools.gnu-tools-for-stm32.10.3-2021.10.win32_1.0.100.202210260954/tools/bin/../lib/gcc/arm-none-eabi/10.3.1/thumb/v7e-m+fp/hard\libgcc.a
LOAD c:/st/stm32cubeide_1.11.2/stm32cubeide/plugins/com.st.stm32cube.ide.mcu.externaltools.gnu-tools-for-stm32.10.3-2021.10.win32_1.0.100.202210260954/tools/bin/../lib/gcc/arm-none-eabi/10.3.1/../../../../arm-none-eabi/lib/thumb/v7e-m+fp/hard\libc_nano.a
LOAD c:/st/stm32cubeide_1.11.2/stm32cubeide/plugins/com.st.stm32cube.ide.mcu.externaltools.gnu-tools-for-stm32.10.3-2021.10.win32_1.0.100.202210260954/tools/bin/../lib/gcc/arm-none-eabi/10.3.1/../../../../arm-none-eabi/lib/thumb/v7e-m+fp/hard\libnosys.a
END GROUP
LOAD c:/st/stm32cubeide_1.11.2/stm32cubeide/plugins/com.st.stm32cube.ide.mcu.externaltools.gnu-tools-for-stm32.10.3-2021.10.win32_1.0.100.202210260954/tools/bin/../lib/gcc/arm-none-eabi/10.3.1/thumb/v7e-m+fp/hard/crtend.o
LOAD c:/st/stm32cubeide_1.11.2/stm32cubeide/plugins/com.st.stm32cube.ide.mcu.externaltools.gnu-tools-for-stm32.10.3-2021.10.win32_1.0.100.202210260954/tools/bin/../lib/gcc/arm-none-eabi/10.3.1/thumb/v7e-m+fp/hard/crtn.o
                0x0000000020050000                _estack = (ORIGIN (RAM) + LENGTH (RAM))
                0x0000000000000200                _Min_Heap_Size = 0x200
                0x0000000000000400                _Min_Stack_Size = 0x400

.isr_vector     0x0000000008000000      0x1d8
                0x0000000008000000                . = ALIGN (0x4)
 *(.isr_vector)
 .isr_vector    0x0000000008000000      0x1d8 ./Core/Startup/startup_stm32f413zhtx.o
                0x0000000008000000                g_pfnVectors
                0x00000000080001d8                . = ALIGN (0x4)

.text           0x00000000080001d8     0x7038
                0x00000000080001d8                . = ALIGN (0x4)
 *(.text)
 .text          0x00000000080001d8       0x40 c:/st/stm32cubeide_1.11.2/stm32cubeide/plugins/com.st.stm32cube.ide.mcu.externaltools.gnu-tools-for-stm32.10.3-2021.10.win32_1.0.100.202210260954/tools/bin/../lib/gcc/arm-none-eabi/10.3.1/thumb/v7e-m+fp/hard/crtbegin.o
 .text          0x0000000008000218       0x30 c:/st/stm32cubeide_1.11.2/stm32cubeide/plugins/com.st.stm32cube.ide.mcu.externaltools.gnu-tools-for-stm32.10.3-2021.10.win32_1.0.100.202210260954/tools/bin/../lib/gcc/arm-none-eabi/10.3.1/thumb/v7e-m+fp/hard\libgcc.a(_aeabi_uldivmod.o)
                0x0000000008000218                __aeabi_uldivmod
 .text          0x0000000008000248      0x2d0 c:/st/stm32cubeide_1.11.2/stm32cubeide/plugins/com.st.stm32cube.ide.mcu.externaltools.gnu-tools-for-stm32.10.3-2021.10.win32_1.0.100.202210260954/tools/bin/../lib/gcc/arm-none-eabi/10.3.1/thumb/v7e-m+fp/hard\libgcc.a(_udivmoddi4.o)
                0x0000000008000248                __udivmoddi4
 .text          0x0000000008000518        0x4 c:/st/stm32cubeide_1.11.2/stm32cubeide/plugins/com.st.stm32cube.ide.mcu.externaltools.gnu-tools-for-stm32.10.3-2021.10.win32_1.0.100.202210260954/tools/bin/../lib/gcc/arm-none-eabi/10.3.1/thumb/v7e-m+fp/hard\libgcc.a(_dvmd_tls.o)
                0x0000000008000518                __aeabi_idiv0
                0x0000000008000518                __aeabi_ldiv0
 *(.text*)
 .text.main     0x000000000800051c       0x5c ./Core/Src/main.o
                0x000000000800051c                main
 .text.SystemClock_Config
                0x0000000008000578       0xdc ./Core/Src/main.o
                0x0000000008000578                SystemClock_Config
 .text.MX_ADC1_Init
                0x0000000008000654       0xa4 ./Core/Src/main.o
 .text.MX_DAC_Init
                0x00000000080006f8       0x54 ./Core/Src/main.o
 .text.MX_DFSDM1_Init
                0x000000000800074c       0x70 ./Core/Src/main.o
 .text.MX_DFSDM2_Init
                0x00000000080007bc       0xd4 ./Core/Src/main.o
 .text.MX_FMPI2C1_Init
                0x0000000008000890       0x6c ./Core/Src/main.o
 .text.MX_I2S2_Init
                0x00000000080008fc       0x5c ./Core/Src/main.o
 .text.MX_QUADSPI_Init
                0x0000000008000958       0x58 ./Core/Src/main.o
 .text.MX_TIM6_Init
                0x00000000080009b0       0x6c ./Core/Src/main.o
 .text.MX_TIM7_Init
                0x0000000008000a1c       0x6c ./Core/Src/main.o
 .text.MX_UART10_Init
                0x0000000008000a88       0x54 ./Core/Src/main.o
 .text.MX_USART6_UART_Init
                0x0000000008000adc       0x54 ./Core/Src/main.o
 .text.MX_GPIO_Init
                0x0000000008000b30      0x374 ./Core/Src/main.o
 .text.MX_FSMC_Init
                0x0000000008000ea4      0x164 ./Core/Src/main.o
 .text.HAL_TIM_PeriodElapsedCallback
                0x0000000008001008       0x28 ./Core/Src/main.o
                0x0000000008001008                HAL_TIM_PeriodElapsedCallback
 .text.Error_Handler
                0x0000000008001030        0xa ./Core/Src/main.o
                0x0000000008001030                Error_Handler
 *fill*         0x000000000800103a        0x2 
 .text.HAL_MspInit
                0x000000000800103c       0x50 ./Core/Src/stm32f4xx_hal_msp.o
                0x000000000800103c                HAL_MspInit
 .text.HAL_ADC_MspInit
                0x000000000800108c       0xf8 ./Core/Src/stm32f4xx_hal_msp.o
                0x000000000800108c                HAL_ADC_MspInit
 .text.HAL_DAC_MspInit
                0x0000000008001184       0x88 ./Core/Src/stm32f4xx_hal_msp.o
                0x0000000008001184                HAL_DAC_MspInit
 .text.HAL_DFSDM_ChannelMspInit
                0x000000000800120c      0x2a0 ./Core/Src/stm32f4xx_hal_msp.o
                0x000000000800120c                HAL_DFSDM_ChannelMspInit
 .text.HAL_FMPI2C_MspInit
                0x00000000080014ac       0xb8 ./Core/Src/stm32f4xx_hal_msp.o
                0x00000000080014ac                HAL_FMPI2C_MspInit
 .text.HAL_I2S_MspInit
                0x0000000008001564      0x1c4 ./Core/Src/stm32f4xx_hal_msp.o
                0x0000000008001564                HAL_I2S_MspInit
 .text.HAL_QSPI_MspInit
                0x0000000008001728      0x194 ./Core/Src/stm32f4xx_hal_msp.o
                0x0000000008001728                HAL_QSPI_MspInit
 .text.HAL_TIM_Base_MspInit
                0x00000000080018bc       0x7c ./Core/Src/stm32f4xx_hal_msp.o
                0x00000000080018bc                HAL_TIM_Base_MspInit
 .text.HAL_UART_MspInit
                0x0000000008001938       0xfc ./Core/Src/stm32f4xx_hal_msp.o
                0x0000000008001938                HAL_UART_MspInit
 .text.HAL_FSMC_MspInit
                0x0000000008001a34       0xe0 ./Core/Src/stm32f4xx_hal_msp.o
 .text.HAL_SRAM_MspInit
                0x0000000008001b14       0x14 ./Core/Src/stm32f4xx_hal_msp.o
                0x0000000008001b14                HAL_SRAM_MspInit
 .text.NMI_Handler
                0x0000000008001b28        0x6 ./Core/Src/stm32f4xx_it.o
                0x0000000008001b28                NMI_Handler
 .text.HardFault_Handler
                0x0000000008001b2e        0x6 ./Core/Src/stm32f4xx_it.o
                0x0000000008001b2e                HardFault_Handler
 .text.MemManage_Handler
                0x0000000008001b34        0x6 ./Core/Src/stm32f4xx_it.o
                0x0000000008001b34                MemManage_Handler
 .text.BusFault_Handler
                0x0000000008001b3a        0x6 ./Core/Src/stm32f4xx_it.o
                0x0000000008001b3a                BusFault_Handler
 .text.UsageFault_Handler
                0x0000000008001b40        0x6 ./Core/Src/stm32f4xx_it.o
                0x0000000008001b40                UsageFault_Handler
 .text.SVC_Handler
                0x0000000008001b46        0xe ./Core/Src/stm32f4xx_it.o
                0x0000000008001b46                SVC_Handler
 .text.DebugMon_Handler
                0x0000000008001b54        0xe ./Core/Src/stm32f4xx_it.o
                0x0000000008001b54                DebugMon_Handler
 .text.PendSV_Handler
                0x0000000008001b62        0xe ./Core/Src/stm32f4xx_it.o
                0x0000000008001b62                PendSV_Handler
 .text.SysTick_Handler
                0x0000000008001b70        0xc ./Core/Src/stm32f4xx_it.o
                0x0000000008001b70                SysTick_Handler
 .text.TIM7_IRQHandler
                0x0000000008001b7c       0x14 ./Core/Src/stm32f4xx_it.o
                0x0000000008001b7c                TIM7_IRQHandler
 .text.OTG_FS_IRQHandler
                0x0000000008001b90       0x14 ./Core/Src/stm32f4xx_it.o
                0x0000000008001b90                OTG_FS_IRQHandler
 .text.SystemInit
                0x0000000008001ba4       0x24 ./Core/Src/system_stm32f4xx.o
                0x0000000008001ba4                SystemInit
 .text.Reset_Handler
                0x0000000008001bc8       0x50 ./Core/Startup/startup_stm32f413zhtx.o
                0x0000000008001bc8                Reset_Handler
 .text.Default_Handler
                0x0000000008001c18        0x2 ./Core/Startup/startup_stm32f413zhtx.o
                0x0000000008001c18                RTC_Alarm_IRQHandler
                0x0000000008001c18                EXTI2_IRQHandler
                0x0000000008001c18                TIM8_CC_IRQHandler
                0x0000000008001c18                UART8_IRQHandler
                0x0000000008001c18                FMPI2C1_EV_IRQHandler
                0x0000000008001c18                SPI4_IRQHandler
                0x0000000008001c18                TIM1_CC_IRQHandler
                0x0000000008001c18                DMA2_Stream5_IRQHandler
                0x0000000008001c18                DMA1_Stream5_IRQHandler
                0x0000000008001c18                CAN3_RX1_IRQHandler
                0x0000000008001c18                PVD_IRQHandler
                0x0000000008001c18                SDIO_IRQHandler
                0x0000000008001c18                TAMP_STAMP_IRQHandler
                0x0000000008001c18                CAN2_RX1_IRQHandler
                0x0000000008001c18                EXTI3_IRQHandler
                0x0000000008001c18                TIM8_TRG_COM_TIM14_IRQHandler
                0x0000000008001c18                DFSDM1_FLT1_IRQHandler
                0x0000000008001c18                TIM1_UP_TIM10_IRQHandler
                0x0000000008001c18                TIM8_UP_TIM13_IRQHandler
                0x0000000008001c18                I2C3_ER_IRQHandler
                0x0000000008001c18                EXTI0_IRQHandler
                0x0000000008001c18                I2C2_EV_IRQHandler
                0x0000000008001c18                DMA1_Stream2_IRQHandler
                0x0000000008001c18                CAN1_RX0_IRQHandler
                0x0000000008001c18                FPU_IRQHandler
                0x0000000008001c18                CAN3_SCE_IRQHandler
                0x0000000008001c18                CAN2_SCE_IRQHandler
                0x0000000008001c18                DMA2_Stream2_IRQHandler
                0x0000000008001c18                SPI1_IRQHandler
                0x0000000008001c18                TIM6_DAC_IRQHandler
                0x0000000008001c18                TIM1_BRK_TIM9_IRQHandler
                0x0000000008001c18                CAN2_RX0_IRQHandler
                0x0000000008001c18                DMA2_Stream3_IRQHandler
                0x0000000008001c18                USART6_IRQHandler
                0x0000000008001c18                CAN3_RX0_IRQHandler
                0x0000000008001c18                USART3_IRQHandler
                0x0000000008001c18                DFSDM2_FLT3_IRQHandler
                0x0000000008001c18                CAN1_RX1_IRQHandler
                0x0000000008001c18                UART5_IRQHandler
                0x0000000008001c18                DMA2_Stream0_IRQHandler
                0x0000000008001c18                TIM4_IRQHandler
                0x0000000008001c18                QUADSPI_IRQHandler
                0x0000000008001c18                I2C1_EV_IRQHandler
                0x0000000008001c18                DMA1_Stream6_IRQHandler
                0x0000000008001c18                DMA1_Stream1_IRQHandler
                0x0000000008001c18                UART4_IRQHandler
                0x0000000008001c18                TIM3_IRQHandler
                0x0000000008001c18                RCC_IRQHandler
                0x0000000008001c18                UART9_IRQHandler
                0x0000000008001c18                TIM8_BRK_TIM12_IRQHandler
                0x0000000008001c18                Default_Handler
                0x0000000008001c18                EXTI15_10_IRQHandler
                0x0000000008001c18                ADC_IRQHandler
                0x0000000008001c18                DMA1_Stream7_IRQHandler
                0x0000000008001c18                DFSDM2_FLT0_IRQHandler
                0x0000000008001c18                SPI5_IRQHandler
                0x0000000008001c18                CAN2_TX_IRQHandler
                0x0000000008001c18                TIM5_IRQHandler
                0x0000000008001c18                DMA2_Stream7_IRQHandler
                0x0000000008001c18                I2C3_EV_IRQHandler
                0x0000000008001c18                DFSDM2_FLT2_IRQHandler
                0x0000000008001c18                EXTI9_5_IRQHandler
                0x0000000008001c18                RTC_WKUP_IRQHandler
                0x0000000008001c18                SPI2_IRQHandler
                0x0000000008001c18                DMA1_Stream0_IRQHandler
                0x0000000008001c18                CAN1_TX_IRQHandler
                0x0000000008001c18                FMPI2C1_ER_IRQHandler
                0x0000000008001c18                EXTI4_IRQHandler
                0x0000000008001c18                DFSDM2_FLT1_IRQHandler
                0x0000000008001c18                RNG_IRQHandler
                0x0000000008001c18                FSMC_IRQHandler
                0x0000000008001c18                WWDG_IRQHandler
                0x0000000008001c18                CAN3_TX_IRQHandler
                0x0000000008001c18                TIM2_IRQHandler
                0x0000000008001c18                OTG_FS_WKUP_IRQHandler
                0x0000000008001c18                TIM1_TRG_COM_TIM11_IRQHandler
                0x0000000008001c18                EXTI1_IRQHandler
                0x0000000008001c18                UART7_IRQHandler
                0x0000000008001c18                USART2_IRQHandler
                0x0000000008001c18                DFSDM1_FLT0_IRQHandler
                0x0000000008001c18                I2C2_ER_IRQHandler
                0x0000000008001c18                DMA2_Stream1_IRQHandler
                0x0000000008001c18                CAN1_SCE_IRQHandler
                0x0000000008001c18                FLASH_IRQHandler
                0x0000000008001c18                DMA2_Stream4_IRQHandler
                0x0000000008001c18                USART1_IRQHandler
                0x0000000008001c18                SPI3_IRQHandler
                0x0000000008001c18                DMA1_Stream4_IRQHandler
                0x0000000008001c18                I2C1_ER_IRQHandler
                0x0000000008001c18                LPTIM1_IRQHandler
                0x0000000008001c18                DMA2_Stream6_IRQHandler
                0x0000000008001c18                UART10_IRQHandler
                0x0000000008001c18                SAI1_IRQHandler
                0x0000000008001c18                DMA1_Stream3_IRQHandler
 *fill*         0x0000000008001c1a        0x2 
 .text.HAL_Init
                0x0000000008001c1c       0x44 ./Drivers/STM32F4xx_HAL_Driver/Src/stm32f4xx_hal.o
                0x0000000008001c1c                HAL_Init
 .text.HAL_InitTick
                0x0000000008001c60       0x60 ./Drivers/STM32F4xx_HAL_Driver/Src/stm32f4xx_hal.o
                0x0000000008001c60                HAL_InitTick
 .text.HAL_IncTick
                0x0000000008001cc0       0x28 ./Drivers/STM32F4xx_HAL_Driver/Src/stm32f4xx_hal.o
                0x0000000008001cc0                HAL_IncTick
 .text.HAL_GetTick
                0x0000000008001ce8       0x18 ./Drivers/STM32F4xx_HAL_Driver/Src/stm32f4xx_hal.o
                0x0000000008001ce8                HAL_GetTick
 .text.HAL_ADC_Init
                0x0000000008001d00       0x86 ./Drivers/STM32F4xx_HAL_Driver/Src/stm32f4xx_hal_adc.o
                0x0000000008001d00                HAL_ADC_Init
 *fill*         0x0000000008001d86        0x2 
 .text.HAL_ADC_ConfigChannel
                0x0000000008001d88      0x264 ./Drivers/STM32F4xx_HAL_Driver/Src/stm32f4xx_hal_adc.o
                0x0000000008001d88                HAL_ADC_ConfigChannel
 .text.ADC_Init
                0x0000000008001fec      0x1f8 ./Drivers/STM32F4xx_HAL_Driver/Src/stm32f4xx_hal_adc.o
 .text.__NVIC_SetPriorityGrouping
                0x00000000080021e4       0x48 ./Drivers/STM32F4xx_HAL_Driver/Src/stm32f4xx_hal_cortex.o
 .text.__NVIC_GetPriorityGrouping
                0x000000000800222c       0x1c ./Drivers/STM32F4xx_HAL_Driver/Src/stm32f4xx_hal_cortex.o
 .text.__NVIC_EnableIRQ
                0x0000000008002248       0x3c ./Drivers/STM32F4xx_HAL_Driver/Src/stm32f4xx_hal_cortex.o
 .text.__NVIC_SetPriority
                0x0000000008002284       0x54 ./Drivers/STM32F4xx_HAL_Driver/Src/stm32f4xx_hal_cortex.o
 .text.NVIC_EncodePriority
                0x00000000080022d8       0x66 ./Drivers/STM32F4xx_HAL_Driver/Src/stm32f4xx_hal_cortex.o
 *fill*         0x000000000800233e        0x2 
 .text.SysTick_Config
                0x0000000008002340       0x44 ./Drivers/STM32F4xx_HAL_Driver/Src/stm32f4xx_hal_cortex.o
 .text.HAL_NVIC_SetPriorityGrouping
                0x0000000008002384       0x16 ./Drivers/STM32F4xx_HAL_Driver/Src/stm32f4xx_hal_cortex.o
                0x0000000008002384                HAL_NVIC_SetPriorityGrouping
 .text.HAL_NVIC_SetPriority
                0x000000000800239a       0x38 ./Drivers/STM32F4xx_HAL_Driver/Src/stm32f4xx_hal_cortex.o
                0x000000000800239a                HAL_NVIC_SetPriority
 .text.HAL_NVIC_EnableIRQ
                0x00000000080023d2       0x1c ./Drivers/STM32F4xx_HAL_Driver/Src/stm32f4xx_hal_cortex.o
                0x00000000080023d2                HAL_NVIC_EnableIRQ
 .text.HAL_SYSTICK_Config
                0x00000000080023ee       0x18 ./Drivers/STM32F4xx_HAL_Driver/Src/stm32f4xx_hal_cortex.o
                0x00000000080023ee                HAL_SYSTICK_Config
 .text.HAL_DAC_Init
                0x0000000008002406       0x44 ./Drivers/STM32F4xx_HAL_Driver/Src/stm32f4xx_hal_dac.o
                0x0000000008002406                HAL_DAC_Init
 .text.HAL_DAC_ConfigChannel
                0x000000000800244a       0x9e ./Drivers/STM32F4xx_HAL_Driver/Src/stm32f4xx_hal_dac.o
                0x000000000800244a                HAL_DAC_ConfigChannel
 .text.HAL_DFSDM_ChannelInit
                0x00000000080024e8      0x1e0 ./Drivers/STM32F4xx_HAL_Driver/Src/stm32f4xx_hal_dfsdm.o
                0x00000000080024e8                HAL_DFSDM_ChannelInit
 .text.DFSDM_GetChannelFromInstance
                0x00000000080026c8       0xc8 ./Drivers/STM32F4xx_HAL_Driver/Src/stm32f4xx_hal_dfsdm.o
 .text.HAL_FMPI2C_Init
                0x0000000008002790      0x11e ./Drivers/STM32F4xx_HAL_Driver/Src/stm32f4xx_hal_fmpi2c.o
                0x0000000008002790                HAL_FMPI2C_Init
 .text.HAL_FMPI2CEx_ConfigAnalogFilter
                0x00000000080028ae       0x96 ./Drivers/STM32F4xx_HAL_Driver/Src/stm32f4xx_hal_fmpi2c_ex.o
                0x00000000080028ae                HAL_FMPI2CEx_ConfigAnalogFilter
 .text.HAL_GPIO_Init
                0x0000000008002944      0x328 ./Drivers/STM32F4xx_HAL_Driver/Src/stm32f4xx_hal_gpio.o
                0x0000000008002944                HAL_GPIO_Init
 .text.HAL_GPIO_WritePin
                0x0000000008002c6c       0x32 ./Drivers/STM32F4xx_HAL_Driver/Src/stm32f4xx_hal_gpio.o
                0x0000000008002c6c                HAL_GPIO_WritePin
 .text.HAL_GPIO_TogglePin
                0x0000000008002c9e       0x34 ./Drivers/STM32F4xx_HAL_Driver/Src/stm32f4xx_hal_gpio.o
                0x0000000008002c9e                HAL_GPIO_TogglePin
 .text.HAL_HCD_IRQHandler
                0x0000000008002cd2      0x216 ./Drivers/STM32F4xx_HAL_Driver/Src/stm32f4xx_hal_hcd.o
                0x0000000008002cd2                HAL_HCD_IRQHandler
 .text.HAL_HCD_Stop
                0x0000000008002ee8       0x3a ./Drivers/STM32F4xx_HAL_Driver/Src/stm32f4xx_hal_hcd.o
                0x0000000008002ee8                HAL_HCD_Stop
 .text.HCD_HC_IN_IRQHandler
                0x0000000008002f22      0x6aa ./Drivers/STM32F4xx_HAL_Driver/Src/stm32f4xx_hal_hcd.o
 .text.HCD_HC_OUT_IRQHandler
                0x00000000080035cc      0x6d2 ./Drivers/STM32F4xx_HAL_Driver/Src/stm32f4xx_hal_hcd.o
 .text.HCD_RXQLVL_IRQHandler
                0x0000000008003c9e      0x1a4 ./Drivers/STM32F4xx_HAL_Driver/Src/stm32f4xx_hal_hcd.o
 .text.HCD_Port_IRQHandler
                0x0000000008003e42       0xe6 ./Drivers/STM32F4xx_HAL_Driver/Src/stm32f4xx_hal_hcd.o
 .text.HAL_I2S_Init
                0x0000000008003f28      0x2c4 ./Drivers/STM32F4xx_HAL_Driver/Src/stm32f4xx_hal_i2s.o
                0x0000000008003f28                HAL_I2S_Init
 .text.HAL_I2S_TxCpltCallback
                0x00000000080041ec       0x14 ./Drivers/STM32F4xx_HAL_Driver/Src/stm32f4xx_hal_i2s.o
                0x00000000080041ec                HAL_I2S_TxCpltCallback
 .text.HAL_I2S_RxCpltCallback
                0x0000000008004200       0x14 ./Drivers/STM32F4xx_HAL_Driver/Src/stm32f4xx_hal_i2s.o
                0x0000000008004200                HAL_I2S_RxCpltCallback
 .text.HAL_I2S_ErrorCallback
                0x0000000008004214       0x14 ./Drivers/STM32F4xx_HAL_Driver/Src/stm32f4xx_hal_i2s.o
                0x0000000008004214                HAL_I2S_ErrorCallback
 .text.I2S_Transmit_IT
                0x0000000008004228       0x5c ./Drivers/STM32F4xx_HAL_Driver/Src/stm32f4xx_hal_i2s.o
 .text.I2S_Receive_IT
                0x0000000008004284       0x5e ./Drivers/STM32F4xx_HAL_Driver/Src/stm32f4xx_hal_i2s.o
 .text.I2S_IRQHandler
                0x00000000080042e2      0x114 ./Drivers/STM32F4xx_HAL_Driver/Src/stm32f4xx_hal_i2s.o
 *fill*         0x00000000080043f6        0x2 
 .text.HAL_I2SEx_FullDuplex_IRQHandler
                0x00000000080043f8      0x2a8 ./Drivers/STM32F4xx_HAL_Driver/Src/stm32f4xx_hal_i2s_ex.o
                0x00000000080043f8                HAL_I2SEx_FullDuplex_IRQHandler
 .text.HAL_I2SEx_TxRxCpltCallback
                0x00000000080046a0       0x14 ./Drivers/STM32F4xx_HAL_Driver/Src/stm32f4xx_hal_i2s_ex.o
                0x00000000080046a0                HAL_I2SEx_TxRxCpltCallback
 .text.I2SEx_TxISR_I2S
                0x00000000080046b4       0x62 ./Drivers/STM32F4xx_HAL_Driver/Src/stm32f4xx_hal_i2s_ex.o
 *fill*         0x0000000008004716        0x2 
 .text.I2SEx_TxISR_I2SExt
                0x0000000008004718       0x98 ./Drivers/STM32F4xx_HAL_Driver/Src/stm32f4xx_hal_i2s_ex.o
 .text.I2SEx_RxISR_I2S
                0x00000000080047b0       0x64 ./Drivers/STM32F4xx_HAL_Driver/Src/stm32f4xx_hal_i2s_ex.o
 .text.I2SEx_RxISR_I2SExt
                0x0000000008004814       0x98 ./Drivers/STM32F4xx_HAL_Driver/Src/stm32f4xx_hal_i2s_ex.o
 .text.HAL_QSPI_Init
                0x00000000080048ac       0xf8 ./Drivers/STM32F4xx_HAL_Driver/Src/stm32f4xx_hal_qspi.o
                0x00000000080048ac                HAL_QSPI_Init
 .text.HAL_QSPI_SetTimeout
                0x00000000080049a4       0x1c ./Drivers/STM32F4xx_HAL_Driver/Src/stm32f4xx_hal_qspi.o
                0x00000000080049a4                HAL_QSPI_SetTimeout
 .text.QSPI_WaitFlagStateUntilTimeout
                0x00000000080049c0       0x6e ./Drivers/STM32F4xx_HAL_Driver/Src/stm32f4xx_hal_qspi.o
 *fill*         0x0000000008004a2e        0x2 
 .text.HAL_RCC_ClockConfig
                0x0000000008004a30      0x1cc ./Drivers/STM32F4xx_HAL_Driver/Src/stm32f4xx_hal_rcc.o
                0x0000000008004a30                HAL_RCC_ClockConfig
 .text.HAL_RCC_GetSysClockFreq
                0x0000000008004bfc      0x18c ./Drivers/STM32F4xx_HAL_Driver/Src/stm32f4xx_hal_rcc.o
                0x0000000008004bfc                HAL_RCC_GetSysClockFreq
 .text.HAL_RCC_GetHCLKFreq
                0x0000000008004d88       0x18 ./Drivers/STM32F4xx_HAL_Driver/Src/stm32f4xx_hal_rcc.o
                0x0000000008004d88                HAL_RCC_GetHCLKFreq
 .text.HAL_RCC_GetPCLK1Freq
                0x0000000008004da0       0x28 ./Drivers/STM32F4xx_HAL_Driver/Src/stm32f4xx_hal_rcc.o
                0x0000000008004da0                HAL_RCC_GetPCLK1Freq
 .text.HAL_RCC_GetPCLK2Freq
                0x0000000008004dc8       0x28 ./Drivers/STM32F4xx_HAL_Driver/Src/stm32f4xx_hal_rcc.o
                0x0000000008004dc8                HAL_RCC_GetPCLK2Freq
 .text.HAL_RCCEx_PeriphCLKConfig
                0x0000000008004df0      0x518 ./Drivers/STM32F4xx_HAL_Driver/Src/stm32f4xx_hal_rcc_ex.o
                0x0000000008004df0                HAL_RCCEx_PeriphCLKConfig
 .text.HAL_RCCEx_GetPeriphCLKFreq
                0x0000000008005308      0x2c8 ./Drivers/STM32F4xx_HAL_Driver/Src/stm32f4xx_hal_rcc_ex.o
                0x0000000008005308                HAL_RCCEx_GetPeriphCLKFreq
 .text.HAL_RCC_OscConfig
                0x00000000080055d0      0x508 ./Drivers/STM32F4xx_HAL_Driver/Src/stm32f4xx_hal_rcc_ex.o
                0x00000000080055d0                HAL_RCC_OscConfig
 .text.HAL_SRAM_Init
                0x0000000008005ad8       0x90 ./Drivers/STM32F4xx_HAL_Driver/Src/stm32f4xx_hal_sram.o
                0x0000000008005ad8                HAL_SRAM_Init
 .text.HAL_TIM_Base_Init
                0x0000000008005b68       0x9e ./Drivers/STM32F4xx_HAL_Driver/Src/stm32f4xx_hal_tim.o
                0x0000000008005b68                HAL_TIM_Base_Init
 *fill*         0x0000000008005c06        0x2 
 .text.HAL_TIM_Base_Start_IT
                0x0000000008005c08       0xe0 ./Drivers/STM32F4xx_HAL_Driver/Src/stm32f4xx_hal_tim.o
                0x0000000008005c08                HAL_TIM_Base_Start_IT
 .text.HAL_TIM_IRQHandler
                0x0000000008005ce8      0x210 ./Drivers/STM32F4xx_HAL_Driver/Src/stm32f4xx_hal_tim.o
                0x0000000008005ce8                HAL_TIM_IRQHandler
 .text.HAL_TIM_OC_DelayElapsedCallback
                0x0000000008005ef8       0x14 ./Drivers/STM32F4xx_HAL_Driver/Src/stm32f4xx_hal_tim.o
                0x0000000008005ef8                HAL_TIM_OC_DelayElapsedCallback
 .text.HAL_TIM_IC_CaptureCallback
                0x0000000008005f0c       0x14 ./Drivers/STM32F4xx_HAL_Driver/Src/stm32f4xx_hal_tim.o
                0x0000000008005f0c                HAL_TIM_IC_CaptureCallback
 .text.HAL_TIM_PWM_PulseFinishedCallback
                0x0000000008005f20       0x14 ./Drivers/STM32F4xx_HAL_Driver/Src/stm32f4xx_hal_tim.o
                0x0000000008005f20                HAL_TIM_PWM_PulseFinishedCallback
 .text.HAL_TIM_TriggerCallback
                0x0000000008005f34       0x14 ./Drivers/STM32F4xx_HAL_Driver/Src/stm32f4xx_hal_tim.o
                0x0000000008005f34                HAL_TIM_TriggerCallback
 .text.TIM_Base_SetConfig
                0x0000000008005f48      0x140 ./Drivers/STM32F4xx_HAL_Driver/Src/stm32f4xx_hal_tim.o
                0x0000000008005f48                TIM_Base_SetConfig
 .text.HAL_TIMEx_MasterConfigSynchronization
                0x0000000008006088       0xf8 ./Drivers/STM32F4xx_HAL_Driver/Src/stm32f4xx_hal_tim_ex.o
                0x0000000008006088                HAL_TIMEx_MasterConfigSynchronization
 .text.HAL_TIMEx_CommutCallback
                0x0000000008006180       0x14 ./Drivers/STM32F4xx_HAL_Driver/Src/stm32f4xx_hal_tim_ex.o
                0x0000000008006180                HAL_TIMEx_CommutCallback
 .text.HAL_TIMEx_BreakCallback
                0x0000000008006194       0x14 ./Drivers/STM32F4xx_HAL_Driver/Src/stm32f4xx_hal_tim_ex.o
                0x0000000008006194                HAL_TIMEx_BreakCallback
 .text.HAL_UART_Init
                0x00000000080061a8       0x9a ./Drivers/STM32F4xx_HAL_Driver/Src/stm32f4xx_hal_uart.o
                0x00000000080061a8                HAL_UART_Init
 *fill*         0x0000000008006242        0x2 
 .text.UART_SetConfig
                0x0000000008006244      0x508 ./Drivers/STM32F4xx_HAL_Driver/Src/stm32f4xx_hal_uart.o
 .text.FSMC_NORSRAM_Init
                0x000000000800674c      0x120 ./Drivers/STM32F4xx_HAL_Driver/Src/stm32f4xx_ll_fsmc.o
                0x000000000800674c                FSMC_NORSRAM_Init
 .text.FSMC_NORSRAM_Timing_Init
                0x000000000800686c       0xa0 ./Drivers/STM32F4xx_HAL_Driver/Src/stm32f4xx_ll_fsmc.o
                0x000000000800686c                FSMC_NORSRAM_Timing_Init
 .text.FSMC_NORSRAM_Extended_Timing_Init
                0x000000000800690c       0x70 ./Drivers/STM32F4xx_HAL_Driver/Src/stm32f4xx_ll_fsmc.o
                0x000000000800690c                FSMC_NORSRAM_Extended_Timing_Init
 .text.USB_EnableGlobalInt
                0x000000000800697c       0x22 ./Drivers/STM32F4xx_HAL_Driver/Src/stm32f4xx_ll_usb.o
                0x000000000800697c                USB_EnableGlobalInt
 .text.USB_DisableGlobalInt
                0x000000000800699e       0x22 ./Drivers/STM32F4xx_HAL_Driver/Src/stm32f4xx_ll_usb.o
                0x000000000800699e                USB_DisableGlobalInt
 .text.USB_FlushTxFifo
                0x00000000080069c0       0x68 ./Drivers/STM32F4xx_HAL_Driver/Src/stm32f4xx_ll_usb.o
                0x00000000080069c0                USB_FlushTxFifo
 .text.USB_FlushRxFifo
                0x0000000008006a28       0x60 ./Drivers/STM32F4xx_HAL_Driver/Src/stm32f4xx_ll_usb.o
                0x0000000008006a28                USB_FlushRxFifo
 .text.USB_ReadPacket
                0x0000000008006a88       0xb0 ./Drivers/STM32F4xx_HAL_Driver/Src/stm32f4xx_ll_usb.o
                0x0000000008006a88                USB_ReadPacket
 .text.USB_ReadInterrupts
                0x0000000008006b38       0x26 ./Drivers/STM32F4xx_HAL_Driver/Src/stm32f4xx_ll_usb.o
                0x0000000008006b38                USB_ReadInterrupts
 .text.USB_GetMode
                0x0000000008006b5e       0x1c ./Drivers/STM32F4xx_HAL_Driver/Src/stm32f4xx_ll_usb.o
                0x0000000008006b5e                USB_GetMode
 .text.USB_InitFSLSPClkSel
                0x0000000008006b7a       0x74 ./Drivers/STM32F4xx_HAL_Driver/Src/stm32f4xx_ll_usb.o
                0x0000000008006b7a                USB_InitFSLSPClkSel
 .text.USB_HC_ReadInterrupt
                0x0000000008006bee       0x22 ./Drivers/STM32F4xx_HAL_Driver/Src/stm32f4xx_ll_usb.o
                0x0000000008006bee                USB_HC_ReadInterrupt
 .text.USB_HC_Halt
                0x0000000008006c10      0x1f8 ./Drivers/STM32F4xx_HAL_Driver/Src/stm32f4xx_ll_usb.o
                0x0000000008006c10                USB_HC_Halt
 .text.USB_StopHost
                0x0000000008006e08      0x124 ./Drivers/STM32F4xx_HAL_Driver/Src/stm32f4xx_ll_usb.o
                0x0000000008006e08                USB_StopHost
 .text.USBH_LL_IncTimer
                0x0000000008006f2c       0x24 ./Middlewares/ST/STM32_USB_Host_Library/Core/Src/usbh_core.o
                0x0000000008006f2c                USBH_LL_IncTimer
 .text.USBH_HandleSof
                0x0000000008006f50       0x30 ./Middlewares/ST/STM32_USB_Host_Library/Core/Src/usbh_core.o
 .text.USBH_LL_PortEnabled
                0x0000000008006f80       0x1c ./Middlewares/ST/STM32_USB_Host_Library/Core/Src/usbh_core.o
                0x0000000008006f80                USBH_LL_PortEnabled
 .text.USBH_LL_PortDisabled
                0x0000000008006f9c       0x1c ./Middlewares/ST/STM32_USB_Host_Library/Core/Src/usbh_core.o
                0x0000000008006f9c                USBH_LL_PortDisabled
 .text.USBH_LL_Connect
                0x0000000008006fb8       0x2e ./Middlewares/ST/STM32_USB_Host_Library/Core/Src/usbh_core.o
                0x0000000008006fb8                USBH_LL_Connect
 .text.USBH_LL_Disconnect
                0x0000000008006fe6       0x48 ./Middlewares/ST/STM32_USB_Host_Library/Core/Src/usbh_core.o
                0x0000000008006fe6                USBH_LL_Disconnect
 .text.USBH_FreePipe
                0x000000000800702e       0x3c ./Middlewares/ST/STM32_USB_Host_Library/Core/Src/usbh_pipes.o
                0x000000000800702e                USBH_FreePipe
 .text.HAL_HCD_SOF_Callback
                0x000000000800706a       0x1c ./USB_HOST/Target/usbh_conf.o
                0x000000000800706a                HAL_HCD_SOF_Callback
 .text.HAL_HCD_Connect_Callback
                0x0000000008007086       0x1c ./USB_HOST/Target/usbh_conf.o
                0x0000000008007086                HAL_HCD_Connect_Callback
 .text.HAL_HCD_Disconnect_Callback
                0x00000000080070a2       0x1c ./USB_HOST/Target/usbh_conf.o
                0x00000000080070a2                HAL_HCD_Disconnect_Callback
 .text.HAL_HCD_HC_NotifyURBChange_Callback
                0x00000000080070be       0x1c ./USB_HOST/Target/usbh_conf.o
                0x00000000080070be                HAL_HCD_HC_NotifyURBChange_Callback
 .text.HAL_HCD_PortEnabled_Callback
                0x00000000080070da       0x1c ./USB_HOST/Target/usbh_conf.o
                0x00000000080070da                HAL_HCD_PortEnabled_Callback
 .text.HAL_HCD_PortDisabled_Callback
                0x00000000080070f6       0x1c ./USB_HOST/Target/usbh_conf.o
                0x00000000080070f6                HAL_HCD_PortDisabled_Callback
 .text.USBH_LL_Stop
                0x0000000008007112       0x36 ./USB_HOST/Target/usbh_conf.o
                0x0000000008007112                USBH_LL_Stop
 .text.USBH_Get_USB_Status
                0x0000000008007148       0x58 ./USB_HOST/Target/usbh_conf.o
                0x0000000008007148                USBH_Get_USB_Status
 .text.__libc_init_array
                0x00000000080071a0       0x48 c:/st/stm32cubeide_1.11.2/stm32cubeide/plugins/com.st.stm32cube.ide.mcu.externaltools.gnu-tools-for-stm32.10.3-2021.10.win32_1.0.100.202210260954/tools/bin/../lib/gcc/arm-none-eabi/10.3.1/../../../../arm-none-eabi/lib/thumb/v7e-m+fp/hard\libc_nano.a(lib_a-init.o)
                0x00000000080071a0                __libc_init_array
 .text.memset   0x00000000080071e8       0x10 c:/st/stm32cubeide_1.11.2/stm32cubeide/plugins/com.st.stm32cube.ide.mcu.externaltools.gnu-tools-for-stm32.10.3-2021.10.win32_1.0.100.202210260954/tools/bin/../lib/gcc/arm-none-eabi/10.3.1/../../../../arm-none-eabi/lib/thumb/v7e-m+fp/hard\libc_nano.a(lib_a-memset.o)
                0x00000000080071e8                memset
 *(.glue_7)
 .glue_7        0x00000000080071f8        0x0 linker stubs
 *(.glue_7t)
 .glue_7t       0x00000000080071f8        0x0 linker stubs
 *(.eh_frame)
 .eh_frame      0x00000000080071f8        0x0 c:/st/stm32cubeide_1.11.2/stm32cubeide/plugins/com.st.stm32cube.ide.mcu.externaltools.gnu-tools-for-stm32.10.3-2021.10.win32_1.0.100.202210260954/tools/bin/../lib/gcc/arm-none-eabi/10.3.1/thumb/v7e-m+fp/hard/crtbegin.o
 *(.init)
 .init          0x00000000080071f8        0x4 c:/st/stm32cubeide_1.11.2/stm32cubeide/plugins/com.st.stm32cube.ide.mcu.externaltools.gnu-tools-for-stm32.10.3-2021.10.win32_1.0.100.202210260954/tools/bin/../lib/gcc/arm-none-eabi/10.3.1/thumb/v7e-m+fp/hard/crti.o
                0x00000000080071f8                _init
 .init          0x00000000080071fc        0x8 c:/st/stm32cubeide_1.11.2/stm32cubeide/plugins/com.st.stm32cube.ide.mcu.externaltools.gnu-tools-for-stm32.10.3-2021.10.win32_1.0.100.202210260954/tools/bin/../lib/gcc/arm-none-eabi/10.3.1/thumb/v7e-m+fp/hard/crtn.o
 *(.fini)
 .fini          0x0000000008007204        0x4 c:/st/stm32cubeide_1.11.2/stm32cubeide/plugins/com.st.stm32cube.ide.mcu.externaltools.gnu-tools-for-stm32.10.3-2021.10.win32_1.0.100.202210260954/tools/bin/../lib/gcc/arm-none-eabi/10.3.1/thumb/v7e-m+fp/hard/crti.o
                0x0000000008007204                _fini
 .fini          0x0000000008007208        0x8 c:/st/stm32cubeide_1.11.2/stm32cubeide/plugins/com.st.stm32cube.ide.mcu.externaltools.gnu-tools-for-stm32.10.3-2021.10.win32_1.0.100.202210260954/tools/bin/../lib/gcc/arm-none-eabi/10.3.1/thumb/v7e-m+fp/hard/crtn.o
                0x0000000008007210                . = ALIGN (0x4)
                0x0000000008007210                _etext = .

.vfp11_veneer   0x0000000008007210        0x0
 .vfp11_veneer  0x0000000008007210        0x0 linker stubs

.v4_bx          0x0000000008007210        0x0
 .v4_bx         0x0000000008007210        0x0 linker stubs

.iplt           0x0000000008007210        0x0
 .iplt          0x0000000008007210        0x0 c:/st/stm32cubeide_1.11.2/stm32cubeide/plugins/com.st.stm32cube.ide.mcu.externaltools.gnu-tools-for-stm32.10.3-2021.10.win32_1.0.100.202210260954/tools/bin/../lib/gcc/arm-none-eabi/10.3.1/thumb/v7e-m+fp/hard/crtbegin.o

.rodata         0x0000000008007210       0x18
                0x0000000008007210                . = ALIGN (0x4)
 *(.rodata)
 *(.rodata*)
 .rodata.AHBPrescTable
                0x0000000008007210       0x10 ./Core/Src/system_stm32f4xx.o
                0x0000000008007210                AHBPrescTable
 .rodata.APBPrescTable
                0x0000000008007220        0x8 ./Core/Src/system_stm32f4xx.o
                0x0000000008007220                APBPrescTable
                0x0000000008007228                . = ALIGN (0x4)

.ARM.extab      0x0000000008007228        0x0
                0x0000000008007228                . = ALIGN (0x4)
 *(.ARM.extab* .gnu.linkonce.armextab.*)
                0x0000000008007228                . = ALIGN (0x4)

.ARM            0x0000000008007228        0x8
                0x0000000008007228                . = ALIGN (0x4)
                0x0000000008007228                __exidx_start = .
 *(.ARM.exidx*)
 .ARM.exidx     0x0000000008007228        0x8 c:/st/stm32cubeide_1.11.2/stm32cubeide/plugins/com.st.stm32cube.ide.mcu.externaltools.gnu-tools-for-stm32.10.3-2021.10.win32_1.0.100.202210260954/tools/bin/../lib/gcc/arm-none-eabi/10.3.1/thumb/v7e-m+fp/hard\libgcc.a(_udivmoddi4.o)
                0x0000000008007230                __exidx_end = .
                0x0000000008007230                . = ALIGN (0x4)

.rel.dyn        0x0000000008007230        0x0
 .rel.iplt      0x0000000008007230        0x0 c:/st/stm32cubeide_1.11.2/stm32cubeide/plugins/com.st.stm32cube.ide.mcu.externaltools.gnu-tools-for-stm32.10.3-2021.10.win32_1.0.100.202210260954/tools/bin/../lib/gcc/arm-none-eabi/10.3.1/thumb/v7e-m+fp/hard/crtbegin.o

.preinit_array  0x0000000008007230        0x0
                0x0000000008007230                . = ALIGN (0x4)
                0x0000000008007230                PROVIDE (__preinit_array_start = .)
 *(.preinit_array*)
                0x0000000008007230                PROVIDE (__preinit_array_end = .)
                0x0000000008007230                . = ALIGN (0x4)

.init_array     0x0000000008007230        0x4
                0x0000000008007230                . = ALIGN (0x4)
                0x0000000008007230                PROVIDE (__init_array_start = .)
 *(SORT_BY_NAME(.init_array.*))
 *(.init_array*)
 .init_array    0x0000000008007230        0x4 c:/st/stm32cubeide_1.11.2/stm32cubeide/plugins/com.st.stm32cube.ide.mcu.externaltools.gnu-tools-for-stm32.10.3-2021.10.win32_1.0.100.202210260954/tools/bin/../lib/gcc/arm-none-eabi/10.3.1/thumb/v7e-m+fp/hard/crtbegin.o
                0x0000000008007234                PROVIDE (__init_array_end = .)
                0x0000000008007234                . = ALIGN (0x4)

.fini_array     0x0000000008007234        0x4
                0x0000000008007234                . = ALIGN (0x4)
                [!provide]                        PROVIDE (__fini_array_start = .)
 *(SORT_BY_NAME(.fini_array.*))
 *(.fini_array*)
 .fini_array    0x0000000008007234        0x4 c:/st/stm32cubeide_1.11.2/stm32cubeide/plugins/com.st.stm32cube.ide.mcu.externaltools.gnu-tools-for-stm32.10.3-2021.10.win32_1.0.100.202210260954/tools/bin/../lib/gcc/arm-none-eabi/10.3.1/thumb/v7e-m+fp/hard/crtbegin.o
                [!provide]                        PROVIDE (__fini_array_end = .)
                0x0000000008007238                . = ALIGN (0x4)
                0x0000000008007238                _sidata = LOADADDR (.data)

.data           0x0000000020000000        0xc load address 0x0000000008007238
                0x0000000020000000                . = ALIGN (0x4)
                0x0000000020000000                _sdata = .
 *(.data)
 *(.data*)
 .data.SystemCoreClock
                0x0000000020000000        0x4 ./Core/Src/system_stm32f4xx.o
                0x0000000020000000                SystemCoreClock
 .data.uwTickPrio
                0x0000000020000004        0x4 ./Drivers/STM32F4xx_HAL_Driver/Src/stm32f4xx_hal.o
                0x0000000020000004                uwTickPrio
 .data.uwTickFreq
                0x0000000020000008        0x1 ./Drivers/STM32F4xx_HAL_Driver/Src/stm32f4xx_hal.o
                0x0000000020000008                uwTickFreq
 *(.RamFunc)
 *(.RamFunc*)
                0x000000002000000c                . = ALIGN (0x4)
 *fill*         0x0000000020000009        0x3 
                0x000000002000000c                _edata = .

.igot.plt       0x000000002000000c        0x0 load address 0x0000000008007244
 .igot.plt      0x000000002000000c        0x0 c:/st/stm32cubeide_1.11.2/stm32cubeide/plugins/com.st.stm32cube.ide.mcu.externaltools.gnu-tools-for-stm32.10.3-2021.10.win32_1.0.100.202210260954/tools/bin/../lib/gcc/arm-none-eabi/10.3.1/thumb/v7e-m+fp/hard/crtbegin.o
                0x000000002000000c                . = ALIGN (0x4)

.bss            0x000000002000000c      0x704 load address 0x0000000008007244
                0x000000002000000c                _sbss = .
                0x000000002000000c                __bss_start__ = _sbss
 *(.bss)
 .bss           0x000000002000000c       0x1c c:/st/stm32cubeide_1.11.2/stm32cubeide/plugins/com.st.stm32cube.ide.mcu.externaltools.gnu-tools-for-stm32.10.3-2021.10.win32_1.0.100.202210260954/tools/bin/../lib/gcc/arm-none-eabi/10.3.1/thumb/v7e-m+fp/hard/crtbegin.o
 *(.bss*)
 .bss.hadc1     0x0000000020000028       0x48 ./Core/Src/main.o
                0x0000000020000028                hadc1
 .bss.hdac      0x0000000020000070       0x14 ./Core/Src/main.o
                0x0000000020000070                hdac
 .bss.hdfsdm1_channel1
                0x0000000020000084       0x38 ./Core/Src/main.o
                0x0000000020000084                hdfsdm1_channel1
 .bss.hdfsdm2_channel1
                0x00000000200000bc       0x38 ./Core/Src/main.o
                0x00000000200000bc                hdfsdm2_channel1
 .bss.hdfsdm2_channel7
                0x00000000200000f4       0x38 ./Core/Src/main.o
                0x00000000200000f4                hdfsdm2_channel7
 .bss.hfmpi2c1  0x000000002000012c       0x4c ./Core/Src/main.o
                0x000000002000012c                hfmpi2c1
 .bss.hi2s2     0x0000000020000178       0x48 ./Core/Src/main.o
                0x0000000020000178                hi2s2
 .bss.hqspi     0x00000000200001c0       0x4c ./Core/Src/main.o
                0x00000000200001c0                hqspi
 .bss.htim6     0x000000002000020c       0x48 ./Core/Src/main.o
                0x000000002000020c                htim6
 .bss.htim7     0x0000000020000254       0x48 ./Core/Src/main.o
                0x0000000020000254                htim7
 .bss.huart10   0x000000002000029c       0x44 ./Core/Src/main.o
                0x000000002000029c                huart10
 .bss.huart6    0x00000000200002e0       0x44 ./Core/Src/main.o
                0x00000000200002e0                huart6
 .bss.hsram1    0x0000000020000324       0x50 ./Core/Src/main.o
                0x0000000020000324                hsram1
 .bss.hsram2    0x0000000020000374       0x50 ./Core/Src/main.o
                0x0000000020000374                hsram2
 .bss.DFSDM1_Init
                0x00000000200003c4        0x4 ./Core/Src/stm32f4xx_hal_msp.o
 .bss.DFSDM2_Init
                0x00000000200003c8        0x4 ./Core/Src/stm32f4xx_hal_msp.o
 .bss.FSMC_Initialized
                0x00000000200003cc        0x4 ./Core/Src/stm32f4xx_hal_msp.o
 .bss.uwTick    0x00000000200003d0        0x4 ./Drivers/STM32F4xx_HAL_Driver/Src/stm32f4xx_hal.o
                0x00000000200003d0                uwTick
 .bss.v_dfsdm1ChannelCounter
                0x00000000200003d4        0x4 ./Drivers/STM32F4xx_HAL_Driver/Src/stm32f4xx_hal_dfsdm.o
                0x00000000200003d4                v_dfsdm1ChannelCounter
 .bss.a_dfsdm1ChannelHandle
                0x00000000200003d8       0x10 ./Drivers/STM32F4xx_HAL_Driver/Src/stm32f4xx_hal_dfsdm.o
                0x00000000200003d8                a_dfsdm1ChannelHandle
 .bss.v_dfsdm2ChannelCounter
                0x00000000200003e8        0x4 ./Drivers/STM32F4xx_HAL_Driver/Src/stm32f4xx_hal_dfsdm.o
                0x00000000200003e8                v_dfsdm2ChannelCounter
 .bss.a_dfsdm2ChannelHandle
                0x00000000200003ec       0x20 ./Drivers/STM32F4xx_HAL_Driver/Src/stm32f4xx_hal_dfsdm.o
                0x00000000200003ec                a_dfsdm2ChannelHandle
 .bss.hhcd_USB_OTG_FS
                0x000000002000040c      0x304 ./USB_HOST/Target/usbh_conf.o
                0x000000002000040c                hhcd_USB_OTG_FS
 *(COMMON)
                0x0000000020000710                . = ALIGN (0x4)
                0x0000000020000710                _ebss = .
                0x0000000020000710                __bss_end__ = _ebss

._user_heap_stack
                0x0000000020000710      0x600 load address 0x0000000008007244
                0x0000000020000710                . = ALIGN (0x8)
                [!provide]                        PROVIDE (end = .)
                0x0000000020000710                PROVIDE (_end = .)
                0x0000000020000910                . = (. + _Min_Heap_Size)
 *fill*         0x0000000020000710      0x200 
                0x0000000020000d10                . = (. + _Min_Stack_Size)
 *fill*         0x0000000020000910      0x400 
                0x0000000020000d10                . = ALIGN (0x8)

/DISCARD/
 libc.a(*)
 libm.a(*)
 libgcc.a(*)

.ARM.attributes
                0x0000000000000000       0x30
 *(.ARM.attributes)
 .ARM.attributes
                0x0000000000000000       0x1e c:/st/stm32cubeide_1.11.2/stm32cubeide/plugins/com.st.stm32cube.ide.mcu.externaltools.gnu-tools-for-stm32.10.3-2021.10.win32_1.0.100.202210260954/tools/bin/../lib/gcc/arm-none-eabi/10.3.1/thumb/v7e-m+fp/hard/crti.o
 .ARM.attributes
                0x000000000000001e       0x34 c:/st/stm32cubeide_1.11.2/stm32cubeide/plugins/com.st.stm32cube.ide.mcu.externaltools.gnu-tools-for-stm32.10.3-2021.10.win32_1.0.100.202210260954/tools/bin/../lib/gcc/arm-none-eabi/10.3.1/thumb/v7e-m+fp/hard/crtbegin.o
 .ARM.attributes
                0x0000000000000052       0x34 ./Core/Src/main.o
 .ARM.attributes
                0x0000000000000086       0x34 ./Core/Src/stm32f4xx_hal_msp.o
 .ARM.attributes
                0x00000000000000ba       0x34 ./Core/Src/stm32f4xx_it.o
 .ARM.attributes
                0x00000000000000ee       0x34 ./Core/Src/system_stm32f4xx.o
 .ARM.attributes
                0x0000000000000122       0x21 ./Core/Startup/startup_stm32f413zhtx.o
 .ARM.attributes
                0x0000000000000143       0x34 ./Drivers/STM32F4xx_HAL_Driver/Src/stm32f4xx_hal.o
 .ARM.attributes
                0x0000000000000177       0x34 ./Drivers/STM32F4xx_HAL_Driver/Src/stm32f4xx_hal_adc.o
 .ARM.attributes
                0x00000000000001ab       0x34 ./Drivers/STM32F4xx_HAL_Driver/Src/stm32f4xx_hal_cortex.o
 .ARM.attributes
                0x00000000000001df       0x34 ./Drivers/STM32F4xx_HAL_Driver/Src/stm32f4xx_hal_dac.o
 .ARM.attributes
                0x0000000000000213       0x34 ./Drivers/STM32F4xx_HAL_Driver/Src/stm32f4xx_hal_dfsdm.o
 .ARM.attributes
                0x0000000000000247       0x34 ./Drivers/STM32F4xx_HAL_Driver/Src/stm32f4xx_hal_fmpi2c.o
 .ARM.attributes
                0x000000000000027b       0x34 ./Drivers/STM32F4xx_HAL_Driver/Src/stm32f4xx_hal_fmpi2c_ex.o
 .ARM.attributes
                0x00000000000002af       0x34 ./Drivers/STM32F4xx_HAL_Driver/Src/stm32f4xx_hal_gpio.o
 .ARM.attributes
                0x00000000000002e3       0x34 ./Drivers/STM32F4xx_HAL_Driver/Src/stm32f4xx_hal_hcd.o
 .ARM.attributes
                0x0000000000000317       0x34 ./Drivers/STM32F4xx_HAL_Driver/Src/stm32f4xx_hal_i2s.o
 .ARM.attributes
                0x000000000000034b       0x34 ./Drivers/STM32F4xx_HAL_Driver/Src/stm32f4xx_hal_i2s_ex.o
 .ARM.attributes
                0x000000000000037f       0x34 ./Drivers/STM32F4xx_HAL_Driver/Src/stm32f4xx_hal_qspi.o
 .ARM.attributes
                0x00000000000003b3       0x34 ./Drivers/STM32F4xx_HAL_Driver/Src/stm32f4xx_hal_rcc.o
 .ARM.attributes
                0x00000000000003e7       0x34 ./Drivers/STM32F4xx_HAL_Driver/Src/stm32f4xx_hal_rcc_ex.o
 .ARM.attributes
                0x000000000000041b       0x34 ./Drivers/STM32F4xx_HAL_Driver/Src/stm32f4xx_hal_sram.o
 .ARM.attributes
                0x000000000000044f       0x34 ./Drivers/STM32F4xx_HAL_Driver/Src/stm32f4xx_hal_tim.o
 .ARM.attributes
                0x0000000000000483       0x34 ./Drivers/STM32F4xx_HAL_Driver/Src/stm32f4xx_hal_tim_ex.o
 .ARM.attributes
                0x00000000000004b7       0x34 ./Drivers/STM32F4xx_HAL_Driver/Src/stm32f4xx_hal_uart.o
 .ARM.attributes
                0x00000000000004eb       0x34 ./Drivers/STM32F4xx_HAL_Driver/Src/stm32f4xx_ll_fsmc.o
 .ARM.attributes
                0x000000000000051f       0x34 ./Drivers/STM32F4xx_HAL_Driver/Src/stm32f4xx_ll_usb.o
 .ARM.attributes
                0x0000000000000553       0x34 ./Middlewares/ST/STM32_USB_Host_Library/Core/Src/usbh_core.o
 .ARM.attributes
                0x0000000000000587       0x34 ./Middlewares/ST/STM32_USB_Host_Library/Core/Src/usbh_pipes.o
 .ARM.attributes
                0x00000000000005bb       0x34 ./USB_HOST/Target/usbh_conf.o
 .ARM.attributes
                0x00000000000005ef       0x34 c:/st/stm32cubeide_1.11.2/stm32cubeide/plugins/com.st.stm32cube.ide.mcu.externaltools.gnu-tools-for-stm32.10.3-2021.10.win32_1.0.100.202210260954/tools/bin/../lib/gcc/arm-none-eabi/10.3.1/../../../../arm-none-eabi/lib/thumb/v7e-m+fp/hard\libc_nano.a(lib_a-init.o)
 .ARM.attributes
                0x0000000000000623       0x34 c:/st/stm32cubeide_1.11.2/stm32cubeide/plugins/com.st.stm32cube.ide.mcu.externaltools.gnu-tools-for-stm32.10.3-2021.10.win32_1.0.100.202210260954/tools/bin/../lib/gcc/arm-none-eabi/10.3.1/../../../../arm-none-eabi/lib/thumb/v7e-m+fp/hard\libc_nano.a(lib_a-memset.o)
 .ARM.attributes
                0x0000000000000657       0x1e c:/st/stm32cubeide_1.11.2/stm32cubeide/plugins/com.st.stm32cube.ide.mcu.externaltools.gnu-tools-for-stm32.10.3-2021.10.win32_1.0.100.202210260954/tools/bin/../lib/gcc/arm-none-eabi/10.3.1/thumb/v7e-m+fp/hard\libgcc.a(_aeabi_uldivmod.o)
 .ARM.attributes
                0x0000000000000675       0x34 c:/st/stm32cubeide_1.11.2/stm32cubeide/plugins/com.st.stm32cube.ide.mcu.externaltools.gnu-tools-for-stm32.10.3-2021.10.win32_1.0.100.202210260954/tools/bin/../lib/gcc/arm-none-eabi/10.3.1/thumb/v7e-m+fp/hard\libgcc.a(_udivmoddi4.o)
 .ARM.attributes
                0x00000000000006a9       0x1e c:/st/stm32cubeide_1.11.2/stm32cubeide/plugins/com.st.stm32cube.ide.mcu.externaltools.gnu-tools-for-stm32.10.3-2021.10.win32_1.0.100.202210260954/tools/bin/../lib/gcc/arm-none-eabi/10.3.1/thumb/v7e-m+fp/hard\libgcc.a(_dvmd_tls.o)
 .ARM.attributes
                0x00000000000006c7       0x1e c:/st/stm32cubeide_1.11.2/stm32cubeide/plugins/com.st.stm32cube.ide.mcu.externaltools.gnu-tools-for-stm32.10.3-2021.10.win32_1.0.100.202210260954/tools/bin/../lib/gcc/arm-none-eabi/10.3.1/thumb/v7e-m+fp/hard/crtn.o
OUTPUT(PolyJam.elf elf32-littlearm)
LOAD linker stubs
LOAD c:/st/stm32cubeide_1.11.2/stm32cubeide/plugins/com.st.stm32cube.ide.mcu.externaltools.gnu-tools-for-stm32.10.3-2021.10.win32_1.0.100.202210260954/tools/bin/../lib/gcc/arm-none-eabi/10.3.1/../../../../arm-none-eabi/lib/thumb/v7e-m+fp/hard\libc.a
LOAD c:/st/stm32cubeide_1.11.2/stm32cubeide/plugins/com.st.stm32cube.ide.mcu.externaltools.gnu-tools-for-stm32.10.3-2021.10.win32_1.0.100.202210260954/tools/bin/../lib/gcc/arm-none-eabi/10.3.1/../../../../arm-none-eabi/lib/thumb/v7e-m+fp/hard\libm.a
LOAD c:/st/stm32cubeide_1.11.2/stm32cubeide/plugins/com.st.stm32cube.ide.mcu.externaltools.gnu-tools-for-stm32.10.3-2021.10.win32_1.0.100.202210260954/tools/bin/../lib/gcc/arm-none-eabi/10.3.1/thumb/v7e-m+fp/hard\libgcc.a

.debug_info     0x0000000000000000    0x21c1d
 .debug_info    0x0000000000000000     0x28e7 ./Core/Src/main.o
 .debug_info    0x00000000000028e7     0x2c8e ./Core/Src/stm32f4xx_hal_msp.o
 .debug_info    0x0000000000005575      0xca8 ./Core/Src/stm32f4xx_it.o
 .debug_info    0x000000000000621d      0x55b ./Core/Src/system_stm32f4xx.o
 .debug_info    0x0000000000006778       0x22 ./Core/Startup/startup_stm32f413zhtx.o
 .debug_info    0x000000000000679a      0xa02 ./Drivers/STM32F4xx_HAL_Driver/Src/stm32f4xx_hal.o
 .debug_info    0x000000000000719c      0xd70 ./Drivers/STM32F4xx_HAL_Driver/Src/stm32f4xx_hal_adc.o
 .debug_info    0x0000000000007f0c      0xe69 ./Drivers/STM32F4xx_HAL_Driver/Src/stm32f4xx_hal_cortex.o
 .debug_info    0x0000000000008d75      0xa5d ./Drivers/STM32F4xx_HAL_Driver/Src/stm32f4xx_hal_dac.o
 .debug_info    0x00000000000097d2     0x20f9 ./Drivers/STM32F4xx_HAL_Driver/Src/stm32f4xx_hal_dfsdm.o
 .debug_info    0x000000000000b8cb     0x2201 ./Drivers/STM32F4xx_HAL_Driver/Src/stm32f4xx_hal_fmpi2c.o
 .debug_info    0x000000000000dacc      0xa00 ./Drivers/STM32F4xx_HAL_Driver/Src/stm32f4xx_hal_fmpi2c_ex.o
 .debug_info    0x000000000000e4cc      0x7da ./Drivers/STM32F4xx_HAL_Driver/Src/stm32f4xx_hal_gpio.o
 .debug_info    0x000000000000eca6     0x112a ./Drivers/STM32F4xx_HAL_Driver/Src/stm32f4xx_hal_hcd.o
 .debug_info    0x000000000000fdd0      0xeb6 ./Drivers/STM32F4xx_HAL_Driver/Src/stm32f4xx_hal_i2s.o
 .debug_info    0x0000000000010c86      0xb7b ./Drivers/STM32F4xx_HAL_Driver/Src/stm32f4xx_hal_i2s_ex.o
 .debug_info    0x0000000000011801     0x135e ./Drivers/STM32F4xx_HAL_Driver/Src/stm32f4xx_hal_qspi.o
 .debug_info    0x0000000000012b5f      0x9ab ./Drivers/STM32F4xx_HAL_Driver/Src/stm32f4xx_hal_rcc.o
 .debug_info    0x000000000001350a      0x871 ./Drivers/STM32F4xx_HAL_Driver/Src/stm32f4xx_hal_rcc_ex.o
 .debug_info    0x0000000000013d7b      0xdc4 ./Drivers/STM32F4xx_HAL_Driver/Src/stm32f4xx_hal_sram.o
 .debug_info    0x0000000000014b3f     0x2bbe ./Drivers/STM32F4xx_HAL_Driver/Src/stm32f4xx_hal_tim.o
 .debug_info    0x00000000000176fd     0x1891 ./Drivers/STM32F4xx_HAL_Driver/Src/stm32f4xx_hal_tim_ex.o
 .debug_info    0x0000000000018f8e     0x31bc ./Drivers/STM32F4xx_HAL_Driver/Src/stm32f4xx_hal_uart.o
 .debug_info    0x000000000001c14a      0x492 ./Drivers/STM32F4xx_HAL_Driver/Src/stm32f4xx_ll_fsmc.o
 .debug_info    0x000000000001c5dc     0x1afb ./Drivers/STM32F4xx_HAL_Driver/Src/stm32f4xx_ll_usb.o
 .debug_info    0x000000000001e0d7     0x1065 ./Middlewares/ST/STM32_USB_Host_Library/Core/Src/usbh_core.o
 .debug_info    0x000000000001f13c      0xb34 ./Middlewares/ST/STM32_USB_Host_Library/Core/Src/usbh_pipes.o
 .debug_info    0x000000000001fc70     0x1fad ./USB_HOST/Target/usbh_conf.o

.debug_abbrev   0x0000000000000000     0x3eb3
 .debug_abbrev  0x0000000000000000      0x2db ./Core/Src/main.o
 .debug_abbrev  0x00000000000002db      0x282 ./Core/Src/stm32f4xx_hal_msp.o
 .debug_abbrev  0x000000000000055d      0x1ea ./Core/Src/stm32f4xx_it.o
 .debug_abbrev  0x0000000000000747      0x116 ./Core/Src/system_stm32f4xx.o
 .debug_abbrev  0x000000000000085d       0x12 ./Core/Startup/startup_stm32f413zhtx.o
 .debug_abbrev  0x000000000000086f      0x20d ./Drivers/STM32F4xx_HAL_Driver/Src/stm32f4xx_hal.o
 .debug_abbrev  0x0000000000000a7c      0x244 ./Drivers/STM32F4xx_HAL_Driver/Src/stm32f4xx_hal_adc.o
 .debug_abbrev  0x0000000000000cc0      0x316 ./Drivers/STM32F4xx_HAL_Driver/Src/stm32f4xx_hal_cortex.o
 .debug_abbrev  0x0000000000000fd6      0x1df ./Drivers/STM32F4xx_HAL_Driver/Src/stm32f4xx_hal_dac.o
 .debug_abbrev  0x00000000000011b5      0x279 ./Drivers/STM32F4xx_HAL_Driver/Src/stm32f4xx_hal_dfsdm.o
 .debug_abbrev  0x000000000000142e      0x243 ./Drivers/STM32F4xx_HAL_Driver/Src/stm32f4xx_hal_fmpi2c.o
 .debug_abbrev  0x0000000000001671      0x18e ./Drivers/STM32F4xx_HAL_Driver/Src/stm32f4xx_hal_fmpi2c_ex.o
 .debug_abbrev  0x00000000000017ff      0x1c4 ./Drivers/STM32F4xx_HAL_Driver/Src/stm32f4xx_hal_gpio.o
 .debug_abbrev  0x00000000000019c3      0x27e ./Drivers/STM32F4xx_HAL_Driver/Src/stm32f4xx_hal_hcd.o
 .debug_abbrev  0x0000000000001c41      0x247 ./Drivers/STM32F4xx_HAL_Driver/Src/stm32f4xx_hal_i2s.o
 .debug_abbrev  0x0000000000001e88      0x278 ./Drivers/STM32F4xx_HAL_Driver/Src/stm32f4xx_hal_i2s_ex.o
 .debug_abbrev  0x0000000000002100      0x267 ./Drivers/STM32F4xx_HAL_Driver/Src/stm32f4xx_hal_qspi.o
 .debug_abbrev  0x0000000000002367      0x2aa ./Drivers/STM32F4xx_HAL_Driver/Src/stm32f4xx_hal_rcc.o
 .debug_abbrev  0x0000000000002611      0x1d9 ./Drivers/STM32F4xx_HAL_Driver/Src/stm32f4xx_hal_rcc_ex.o
 .debug_abbrev  0x00000000000027ea      0x1f8 ./Drivers/STM32F4xx_HAL_Driver/Src/stm32f4xx_hal_sram.o
 .debug_abbrev  0x00000000000029e2      0x25d ./Drivers/STM32F4xx_HAL_Driver/Src/stm32f4xx_hal_tim.o
 .debug_abbrev  0x0000000000002c3f      0x26e ./Drivers/STM32F4xx_HAL_Driver/Src/stm32f4xx_hal_tim_ex.o
 .debug_abbrev  0x0000000000002ead      0x2f4 ./Drivers/STM32F4xx_HAL_Driver/Src/stm32f4xx_hal_uart.o
 .debug_abbrev  0x00000000000031a1      0x149 ./Drivers/STM32F4xx_HAL_Driver/Src/stm32f4xx_ll_fsmc.o
 .debug_abbrev  0x00000000000032ea      0x296 ./Drivers/STM32F4xx_HAL_Driver/Src/stm32f4xx_ll_usb.o
 .debug_abbrev  0x0000000000003580      0x317 ./Middlewares/ST/STM32_USB_Host_Library/Core/Src/usbh_core.o
 .debug_abbrev  0x0000000000003897      0x270 ./Middlewares/ST/STM32_USB_Host_Library/Core/Src/usbh_pipes.o
 .debug_abbrev  0x0000000000003b07      0x3ac ./USB_HOST/Target/usbh_conf.o

.debug_aranges  0x0000000000000000     0x1c48
 .debug_aranges
                0x0000000000000000       0xb0 ./Core/Src/main.o
 .debug_aranges
                0x00000000000000b0       0xd0 ./Core/Src/stm32f4xx_hal_msp.o
 .debug_aranges
                0x0000000000000180       0x70 ./Core/Src/stm32f4xx_it.o
 .debug_aranges
                0x00000000000001f0       0x28 ./Core/Src/system_stm32f4xx.o
 .debug_aranges
                0x0000000000000218       0x28 ./Core/Startup/startup_stm32f413zhtx.o
 .debug_aranges
                0x0000000000000240       0xf0 ./Drivers/STM32F4xx_HAL_Driver/Src/stm32f4xx_hal.o
 .debug_aranges
                0x0000000000000330       0xe8 ./Drivers/STM32F4xx_HAL_Driver/Src/stm32f4xx_hal_adc.o
 .debug_aranges
                0x0000000000000418      0x118 ./Drivers/STM32F4xx_HAL_Driver/Src/stm32f4xx_hal_cortex.o
 .debug_aranges
                0x0000000000000530       0xc0 ./Drivers/STM32F4xx_HAL_Driver/Src/stm32f4xx_hal_dac.o
 .debug_aranges
                0x00000000000005f0      0x2a8 ./Drivers/STM32F4xx_HAL_Driver/Src/stm32f4xx_hal_dfsdm.o
 .debug_aranges
                0x0000000000000898      0x290 ./Drivers/STM32F4xx_HAL_Driver/Src/stm32f4xx_hal_fmpi2c.o
 .debug_aranges
                0x0000000000000b28       0x38 ./Drivers/STM32F4xx_HAL_Driver/Src/stm32f4xx_hal_fmpi2c_ex.o
 .debug_aranges
                0x0000000000000b60       0x58 ./Drivers/STM32F4xx_HAL_Driver/Src/stm32f4xx_hal_gpio.o
 .debug_aranges
                0x0000000000000bb8       0xf8 ./Drivers/STM32F4xx_HAL_Driver/Src/stm32f4xx_hal_hcd.o
 .debug_aranges
                0x0000000000000cb0      0x108 ./Drivers/STM32F4xx_HAL_Driver/Src/stm32f4xx_hal_i2s.o
 .debug_aranges
                0x0000000000000db8       0x88 ./Drivers/STM32F4xx_HAL_Driver/Src/stm32f4xx_hal_i2s_ex.o
 .debug_aranges
                0x0000000000000e40      0x170 ./Drivers/STM32F4xx_HAL_Driver/Src/stm32f4xx_hal_qspi.o
 .debug_aranges
                0x0000000000000fb0       0x88 ./Drivers/STM32F4xx_HAL_Driver/Src/stm32f4xx_hal_rcc.o
 .debug_aranges
                0x0000000000001038       0x60 ./Drivers/STM32F4xx_HAL_Driver/Src/stm32f4xx_hal_rcc_ex.o
 .debug_aranges
                0x0000000000001098       0xb8 ./Drivers/STM32F4xx_HAL_Driver/Src/stm32f4xx_hal_sram.o
 .debug_aranges
                0x0000000000001150      0x3d0 ./Drivers/STM32F4xx_HAL_Driver/Src/stm32f4xx_hal_tim.o
 .debug_aranges
                0x0000000000001520      0x168 ./Drivers/STM32F4xx_HAL_Driver/Src/stm32f4xx_hal_tim_ex.o
 .debug_aranges
                0x0000000000001688      0x200 ./Drivers/STM32F4xx_HAL_Driver/Src/stm32f4xx_hal_uart.o
 .debug_aranges
                0x0000000000001888       0x48 ./Drivers/STM32F4xx_HAL_Driver/Src/stm32f4xx_ll_fsmc.o
 .debug_aranges
                0x00000000000018d0      0x1a0 ./Drivers/STM32F4xx_HAL_Driver/Src/stm32f4xx_ll_usb.o
 .debug_aranges
                0x0000000000001a70       0xc0 ./Middlewares/ST/STM32_USB_Host_Library/Core/Src/usbh_core.o
 .debug_aranges
                0x0000000000001b30       0x40 ./Middlewares/ST/STM32_USB_Host_Library/Core/Src/usbh_pipes.o
 .debug_aranges
                0x0000000000001b70       0xd8 ./USB_HOST/Target/usbh_conf.o

.debug_ranges   0x0000000000000000     0x1ac0
 .debug_ranges  0x0000000000000000       0xa0 ./Core/Src/main.o
 .debug_ranges  0x00000000000000a0       0xc0 ./Core/Src/stm32f4xx_hal_msp.o
 .debug_ranges  0x0000000000000160       0x60 ./Core/Src/stm32f4xx_it.o
 .debug_ranges  0x00000000000001c0       0x18 ./Core/Src/system_stm32f4xx.o
 .debug_ranges  0x00000000000001d8       0x20 ./Core/Startup/startup_stm32f413zhtx.o
 .debug_ranges  0x00000000000001f8       0xe0 ./Drivers/STM32F4xx_HAL_Driver/Src/stm32f4xx_hal.o
 .debug_ranges  0x00000000000002d8       0xd8 ./Drivers/STM32F4xx_HAL_Driver/Src/stm32f4xx_hal_adc.o
 .debug_ranges  0x00000000000003b0      0x108 ./Drivers/STM32F4xx_HAL_Driver/Src/stm32f4xx_hal_cortex.o
 .debug_ranges  0x00000000000004b8       0xb0 ./Drivers/STM32F4xx_HAL_Driver/Src/stm32f4xx_hal_dac.o
 .debug_ranges  0x0000000000000568      0x298 ./Drivers/STM32F4xx_HAL_Driver/Src/stm32f4xx_hal_dfsdm.o
 .debug_ranges  0x0000000000000800      0x280 ./Drivers/STM32F4xx_HAL_Driver/Src/stm32f4xx_hal_fmpi2c.o
 .debug_ranges  0x0000000000000a80       0x28 ./Drivers/STM32F4xx_HAL_Driver/Src/stm32f4xx_hal_fmpi2c_ex.o
 .debug_ranges  0x0000000000000aa8       0x48 ./Drivers/STM32F4xx_HAL_Driver/Src/stm32f4xx_hal_gpio.o
 .debug_ranges  0x0000000000000af0       0xe8 ./Drivers/STM32F4xx_HAL_Driver/Src/stm32f4xx_hal_hcd.o
 .debug_ranges  0x0000000000000bd8       0xf8 ./Drivers/STM32F4xx_HAL_Driver/Src/stm32f4xx_hal_i2s.o
 .debug_ranges  0x0000000000000cd0       0x78 ./Drivers/STM32F4xx_HAL_Driver/Src/stm32f4xx_hal_i2s_ex.o
 .debug_ranges  0x0000000000000d48      0x160 ./Drivers/STM32F4xx_HAL_Driver/Src/stm32f4xx_hal_qspi.o
 .debug_ranges  0x0000000000000ea8       0x78 ./Drivers/STM32F4xx_HAL_Driver/Src/stm32f4xx_hal_rcc.o
 .debug_ranges  0x0000000000000f20       0x50 ./Drivers/STM32F4xx_HAL_Driver/Src/stm32f4xx_hal_rcc_ex.o
 .debug_ranges  0x0000000000000f70       0xa8 ./Drivers/STM32F4xx_HAL_Driver/Src/stm32f4xx_hal_sram.o
 .debug_ranges  0x0000000000001018      0x3c0 ./Drivers/STM32F4xx_HAL_Driver/Src/stm32f4xx_hal_tim.o
 .debug_ranges  0x00000000000013d8      0x158 ./Drivers/STM32F4xx_HAL_Driver/Src/stm32f4xx_hal_tim_ex.o
 .debug_ranges  0x0000000000001530      0x220 ./Drivers/STM32F4xx_HAL_Driver/Src/stm32f4xx_hal_uart.o
 .debug_ranges  0x0000000000001750       0x38 ./Drivers/STM32F4xx_HAL_Driver/Src/stm32f4xx_ll_fsmc.o
 .debug_ranges  0x0000000000001788      0x190 ./Drivers/STM32F4xx_HAL_Driver/Src/stm32f4xx_ll_usb.o
 .debug_ranges  0x0000000000001918       0xb0 ./Middlewares/ST/STM32_USB_Host_Library/Core/Src/usbh_core.o
 .debug_ranges  0x00000000000019c8       0x30 ./Middlewares/ST/STM32_USB_Host_Library/Core/Src/usbh_pipes.o
 .debug_ranges  0x00000000000019f8       0xc8 ./USB_HOST/Target/usbh_conf.o

.debug_macro    0x0000000000000000    0x26feb
 .debug_macro   0x0000000000000000      0x2b6 ./Core/Src/main.o
 .debug_macro   0x00000000000002b6      0xa78 ./Core/Src/main.o
 .debug_macro   0x0000000000000d2e      0x2d1 ./Core/Src/main.o
 .debug_macro   0x0000000000000fff       0x2e ./Core/Src/main.o
 .debug_macro   0x000000000000102d       0x28 ./Core/Src/main.o
 .debug_macro   0x0000000000001055       0x22 ./Core/Src/main.o
 .debug_macro   0x0000000000001077       0x8e ./Core/Src/main.o
 .debug_macro   0x0000000000001105       0x51 ./Core/Src/main.o
 .debug_macro   0x0000000000001156      0x103 ./Core/Src/main.o
 .debug_macro   0x0000000000001259       0x6a ./Core/Src/main.o
 .debug_macro   0x00000000000012c3      0x1df ./Core/Src/main.o
 .debug_macro   0x00000000000014a2       0x1c ./Core/Src/main.o
 .debug_macro   0x00000000000014be       0x22 ./Core/Src/main.o
 .debug_macro   0x00000000000014e0       0xd9 ./Core/Src/main.o
 .debug_macro   0x00000000000015b9     0x102d ./Core/Src/main.o
 .debug_macro   0x00000000000025e6      0x11f ./Core/Src/main.o
 .debug_macro   0x0000000000002705    0x15a8b ./Core/Src/main.o
 .debug_macro   0x0000000000018190       0x6d ./Core/Src/main.o
 .debug_macro   0x00000000000181fd     0x367e ./Core/Src/main.o
 .debug_macro   0x000000000001b87b      0x174 ./Core/Src/main.o
 .debug_macro   0x000000000001b9ef       0x5c ./Core/Src/main.o
 .debug_macro   0x000000000001ba4b      0xcdd ./Core/Src/main.o
 .debug_macro   0x000000000001c728      0x9fe ./Core/Src/main.o
 .debug_macro   0x000000000001d126      0x115 ./Core/Src/main.o
 .debug_macro   0x000000000001d23b      0x202 ./Core/Src/main.o
 .debug_macro   0x000000000001d43d       0xa5 ./Core/Src/main.o
 .debug_macro   0x000000000001d4e2      0x173 ./Core/Src/main.o
 .debug_macro   0x000000000001d655      0x2bf ./Core/Src/main.o
 .debug_macro   0x000000000001d914       0x5f ./Core/Src/main.o
 .debug_macro   0x000000000001d973      0x236 ./Core/Src/main.o
 .debug_macro   0x000000000001dba9      0x9e1 ./Core/Src/main.o
 .debug_macro   0x000000000001e58a      0x38b ./Core/Src/main.o
 .debug_macro   0x000000000001e915      0x17d ./Core/Src/main.o
 .debug_macro   0x000000000001ea92       0xf9 ./Core/Src/main.o
 .debug_macro   0x000000000001eb8b      0x122 ./Core/Src/main.o
 .debug_macro   0x000000000001ecad       0xa6 ./Core/Src/main.o
 .debug_macro   0x000000000001ed53      0x132 ./Core/Src/main.o
 .debug_macro   0x000000000001ee85      0x30c ./Core/Src/main.o
 .debug_macro   0x000000000001f191       0x2e ./Core/Src/main.o
 .debug_macro   0x000000000001f1bf      0x2eb ./Core/Src/main.o
 .debug_macro   0x000000000001f4aa      0x1b5 ./Core/Src/main.o
 .debug_macro   0x000000000001f65f       0x46 ./Core/Src/main.o
 .debug_macro   0x000000000001f6a5       0x4a ./Core/Src/main.o
 .debug_macro   0x000000000001f6ef      0x11a ./Core/Src/main.o
 .debug_macro   0x000000000001f809       0x91 ./Core/Src/main.o
 .debug_macro   0x000000000001f89a       0x89 ./Core/Src/main.o
 .debug_macro   0x000000000001f923      0x81b ./Core/Src/main.o
 .debug_macro   0x000000000002013e      0x1d5 ./Core/Src/main.o
 .debug_macro   0x0000000000020313      0x8e6 ./Core/Src/main.o
 .debug_macro   0x0000000000020bf9       0x71 ./Core/Src/main.o
 .debug_macro   0x0000000000020c6a      0x295 ./Core/Src/main.o
 .debug_macro   0x0000000000020eff      0x248 ./Core/Src/main.o
 .debug_macro   0x0000000000021147       0x7c ./Core/Src/main.o
 .debug_macro   0x00000000000211c3      0x2d4 ./Core/Src/main.o
 .debug_macro   0x0000000000021497      0x22c ./Core/Src/main.o
 .debug_macro   0x00000000000216c3       0x34 ./Core/Src/main.o
 .debug_macro   0x00000000000216f7       0xa5 ./Core/Src/main.o
 .debug_macro   0x000000000002179c      0x4e8 ./Core/Src/main.o
 .debug_macro   0x0000000000021c84      0x134 ./Core/Src/main.o
 .debug_macro   0x0000000000021db8      0x5ee ./Core/Src/main.o
 .debug_macro   0x00000000000223a6      0x2ac ./Core/Src/stm32f4xx_hal_msp.o
 .debug_macro   0x0000000000022652      0x2b6 ./Core/Src/stm32f4xx_it.o
 .debug_macro   0x0000000000022908      0x29d ./Core/Src/system_stm32f4xx.o
 .debug_macro   0x0000000000022ba5      0x2fd ./Drivers/STM32F4xx_HAL_Driver/Src/stm32f4xx_hal.o
 .debug_macro   0x0000000000022ea2      0x29e ./Drivers/STM32F4xx_HAL_Driver/Src/stm32f4xx_hal_adc.o
 .debug_macro   0x0000000000023140      0x29d ./Drivers/STM32F4xx_HAL_Driver/Src/stm32f4xx_hal_cortex.o
 .debug_macro   0x00000000000233dd      0x29e ./Drivers/STM32F4xx_HAL_Driver/Src/stm32f4xx_hal_dac.o
 .debug_macro   0x000000000002367b      0x2c8 ./Drivers/STM32F4xx_HAL_Driver/Src/stm32f4xx_hal_dfsdm.o
 .debug_macro   0x0000000000023943      0x362 ./Drivers/STM32F4xx_HAL_Driver/Src/stm32f4xx_hal_fmpi2c.o
 .debug_macro   0x0000000000023ca5      0x29d ./Drivers/STM32F4xx_HAL_Driver/Src/stm32f4xx_hal_fmpi2c_ex.o
 .debug_macro   0x0000000000023f42      0x2a3 ./Drivers/STM32F4xx_HAL_Driver/Src/stm32f4xx_hal_gpio.o
 .debug_macro   0x00000000000241e5      0x29d ./Drivers/STM32F4xx_HAL_Driver/Src/stm32f4xx_hal_hcd.o
 .debug_macro   0x0000000000024482      0x2a5 ./Drivers/STM32F4xx_HAL_Driver/Src/stm32f4xx_hal_i2s.o
 .debug_macro   0x0000000000024727      0x29d ./Drivers/STM32F4xx_HAL_Driver/Src/stm32f4xx_hal_i2s_ex.o
 .debug_macro   0x00000000000249c4      0x2c1 ./Drivers/STM32F4xx_HAL_Driver/Src/stm32f4xx_hal_qspi.o
 .debug_macro   0x0000000000024c85      0x2c1 ./Drivers/STM32F4xx_HAL_Driver/Src/stm32f4xx_hal_rcc.o
 .debug_macro   0x0000000000024f46      0x29d ./Drivers/STM32F4xx_HAL_Driver/Src/stm32f4xx_hal_rcc_ex.o
 .debug_macro   0x00000000000251e3      0x29d ./Drivers/STM32F4xx_HAL_Driver/Src/stm32f4xx_hal_sram.o
 .debug_macro   0x0000000000025480      0x29e ./Drivers/STM32F4xx_HAL_Driver/Src/stm32f4xx_hal_tim.o
 .debug_macro   0x000000000002571e      0x29d ./Drivers/STM32F4xx_HAL_Driver/Src/stm32f4xx_hal_tim_ex.o
 .debug_macro   0x00000000000259bb      0x29e ./Drivers/STM32F4xx_HAL_Driver/Src/stm32f4xx_hal_uart.o
 .debug_macro   0x0000000000025c59      0x2a9 ./Drivers/STM32F4xx_HAL_Driver/Src/stm32f4xx_ll_fsmc.o
 .debug_macro   0x0000000000025f02      0x29d ./Drivers/STM32F4xx_HAL_Driver/Src/stm32f4xx_ll_usb.o
 .debug_macro   0x000000000002619f      0x4c8 ./Middlewares/ST/STM32_USB_Host_Library/Core/Src/usbh_core.o
 .debug_macro   0x0000000000026667      0x4ba ./Middlewares/ST/STM32_USB_Host_Library/Core/Src/usbh_pipes.o
 .debug_macro   0x0000000000026b21      0x4ca ./USB_HOST/Target/usbh_conf.o

.debug_line     0x0000000000000000    0x22eba
 .debug_line    0x0000000000000000      0xe2c ./Core/Src/main.o
 .debug_line    0x0000000000000e2c      0xe30 ./Core/Src/stm32f4xx_hal_msp.o
 .debug_line    0x0000000000001c5c      0x951 ./Core/Src/stm32f4xx_it.o
 .debug_line    0x00000000000025ad      0x8e0 ./Core/Src/system_stm32f4xx.o
 .debug_line    0x0000000000002e8d       0x88 ./Core/Startup/startup_stm32f413zhtx.o
 .debug_line    0x0000000000002f15      0xb46 ./Drivers/STM32F4xx_HAL_Driver/Src/stm32f4xx_hal.o
 .debug_line    0x0000000000003a5b     0x12f6 ./Drivers/STM32F4xx_HAL_Driver/Src/stm32f4xx_hal_adc.o
 .debug_line    0x0000000000004d51      0xdf5 ./Drivers/STM32F4xx_HAL_Driver/Src/stm32f4xx_hal_cortex.o
 .debug_line    0x0000000000005b46      0xc97 ./Drivers/STM32F4xx_HAL_Driver/Src/stm32f4xx_hal_dac.o
 .debug_line    0x00000000000067dd     0x25aa ./Drivers/STM32F4xx_HAL_Driver/Src/stm32f4xx_hal_dfsdm.o
 .debug_line    0x0000000000008d87     0x34a2 ./Drivers/STM32F4xx_HAL_Driver/Src/stm32f4xx_hal_fmpi2c.o
 .debug_line    0x000000000000c229      0x99b ./Drivers/STM32F4xx_HAL_Driver/Src/stm32f4xx_hal_fmpi2c_ex.o
 .debug_line    0x000000000000cbc4      0xca6 ./Drivers/STM32F4xx_HAL_Driver/Src/stm32f4xx_hal_gpio.o
 .debug_line    0x000000000000d86a     0x1343 ./Drivers/STM32F4xx_HAL_Driver/Src/stm32f4xx_hal_hcd.o
 .debug_line    0x000000000000ebad     0x1509 ./Drivers/STM32F4xx_HAL_Driver/Src/stm32f4xx_hal_i2s.o
 .debug_line    0x00000000000100b6     0x15de ./Drivers/STM32F4xx_HAL_Driver/Src/stm32f4xx_hal_i2s_ex.o
 .debug_line    0x0000000000011694     0x15cd ./Drivers/STM32F4xx_HAL_Driver/Src/stm32f4xx_hal_qspi.o
 .debug_line    0x0000000000012c61      0xecc ./Drivers/STM32F4xx_HAL_Driver/Src/stm32f4xx_hal_rcc.o
 .debug_line    0x0000000000013b2d     0x1220 ./Drivers/STM32F4xx_HAL_Driver/Src/stm32f4xx_hal_rcc_ex.o
 .debug_line    0x0000000000014d4d      0xe6f ./Drivers/STM32F4xx_HAL_Driver/Src/stm32f4xx_hal_sram.o
 .debug_line    0x0000000000015bbc     0x383a ./Drivers/STM32F4xx_HAL_Driver/Src/stm32f4xx_hal_tim.o
 .debug_line    0x00000000000193f6     0x1b49 ./Drivers/STM32F4xx_HAL_Driver/Src/stm32f4xx_hal_tim_ex.o
 .debug_line    0x000000000001af3f     0x2c05 ./Drivers/STM32F4xx_HAL_Driver/Src/stm32f4xx_hal_uart.o
 .debug_line    0x000000000001db44      0x9bf ./Drivers/STM32F4xx_HAL_Driver/Src/stm32f4xx_ll_fsmc.o
 .debug_line    0x000000000001e503     0x1c05 ./Drivers/STM32F4xx_HAL_Driver/Src/stm32f4xx_ll_usb.o
 .debug_line    0x0000000000020108     0x12f0 ./Middlewares/ST/STM32_USB_Host_Library/Core/Src/usbh_core.o
 .debug_line    0x00000000000213f8      0xbf6 ./Middlewares/ST/STM32_USB_Host_Library/Core/Src/usbh_pipes.o
 .debug_line    0x0000000000021fee      0xecc ./USB_HOST/Target/usbh_conf.o

.debug_str      0x0000000000000000    0xf21de
 .debug_str     0x0000000000000000    0xe5422 ./Core/Src/main.o
                                      0xe59fb (size before relaxing)
 .debug_str     0x00000000000e5422      0x9a1 ./Core/Src/stm32f4xx_hal_msp.o
                                      0xe5e3e (size before relaxing)
 .debug_str     0x00000000000e5dc3      0x4b6 ./Core/Src/stm32f4xx_it.o
                                      0xe472f (size before relaxing)
 .debug_str     0x00000000000e6279       0xdb ./Core/Src/system_stm32f4xx.o
                                      0xe27c5 (size before relaxing)
 .debug_str     0x00000000000e6354       0x36 ./Core/Startup/startup_stm32f413zhtx.o
                                         0x5e (size before relaxing)
 .debug_str     0x00000000000e638a      0x612 ./Drivers/STM32F4xx_HAL_Driver/Src/stm32f4xx_hal.o
                                      0xe33fb (size before relaxing)
 .debug_str     0x00000000000e699c      0x2c5 ./Drivers/STM32F4xx_HAL_Driver/Src/stm32f4xx_hal_adc.o
                                      0xe2d8e (size before relaxing)
 .debug_str     0x00000000000e6c61      0x31c ./Drivers/STM32F4xx_HAL_Driver/Src/stm32f4xx_hal_cortex.o
                                      0xe310a (size before relaxing)
 .debug_str     0x00000000000e6f7d      0x1fc ./Drivers/STM32F4xx_HAL_Driver/Src/stm32f4xx_hal_dac.o
                                      0xe2c13 (size before relaxing)
 .debug_str     0x00000000000e7179      0xeea ./Drivers/STM32F4xx_HAL_Driver/Src/stm32f4xx_hal_dfsdm.o
                                      0xe3aa1 (size before relaxing)
 .debug_str     0x00000000000e8063      0xec9 ./Drivers/STM32F4xx_HAL_Driver/Src/stm32f4xx_hal_fmpi2c.o
                                      0xe3bd7 (size before relaxing)
 .debug_str     0x00000000000e8f2c       0x92 ./Drivers/STM32F4xx_HAL_Driver/Src/stm32f4xx_hal_fmpi2c_ex.o
                                      0xe2d94 (size before relaxing)
 .debug_str     0x00000000000e8fbe       0xeb ./Drivers/STM32F4xx_HAL_Driver/Src/stm32f4xx_hal_gpio.o
                                      0xe294f (size before relaxing)
 .debug_str     0x00000000000e90a9      0x532 ./Drivers/STM32F4xx_HAL_Driver/Src/stm32f4xx_hal_hcd.o
                                      0xe2fac (size before relaxing)
 .debug_str     0x00000000000e95db      0x2aa ./Drivers/STM32F4xx_HAL_Driver/Src/stm32f4xx_hal_i2s.o
                                      0xe2d92 (size before relaxing)
 .debug_str     0x00000000000e9885      0x1d1 ./Drivers/STM32F4xx_HAL_Driver/Src/stm32f4xx_hal_i2s_ex.o
                                      0xe2c9d (size before relaxing)
 .debug_str     0x00000000000e9a56      0x6dd ./Drivers/STM32F4xx_HAL_Driver/Src/stm32f4xx_hal_qspi.o
                                      0xe3222 (size before relaxing)
 .debug_str     0x00000000000ea133      0x228 ./Drivers/STM32F4xx_HAL_Driver/Src/stm32f4xx_hal_rcc.o
                                      0xe2bfe (size before relaxing)
 .debug_str     0x00000000000ea35b      0x101 ./Drivers/STM32F4xx_HAL_Driver/Src/stm32f4xx_hal_rcc_ex.o
                                      0xe2b83 (size before relaxing)
 .debug_str     0x00000000000ea45c      0x1ef ./Drivers/STM32F4xx_HAL_Driver/Src/stm32f4xx_hal_sram.o
                                      0xe2d9f (size before relaxing)
 .debug_str     0x00000000000ea64b      0xdfe ./Drivers/STM32F4xx_HAL_Driver/Src/stm32f4xx_hal_tim.o
                                      0xe3b1b (size before relaxing)
 .debug_str     0x00000000000eb449      0x4a1 ./Drivers/STM32F4xx_HAL_Driver/Src/stm32f4xx_hal_tim_ex.o
                                      0xe346c (size before relaxing)
 .debug_str     0x00000000000eb8ea      0x5d8 ./Drivers/STM32F4xx_HAL_Driver/Src/stm32f4xx_hal_uart.o
                                      0xe3174 (size before relaxing)
 .debug_str     0x00000000000ebec2      0x182 ./Drivers/STM32F4xx_HAL_Driver/Src/stm32f4xx_ll_fsmc.o
                                      0xe29d3 (size before relaxing)
 .debug_str     0x00000000000ec044      0x526 ./Drivers/STM32F4xx_HAL_Driver/Src/stm32f4xx_ll_usb.o
                                      0xe3104 (size before relaxing)
 .debug_str     0x00000000000ec56a     0x5a80 ./Middlewares/ST/STM32_USB_Host_Library/Core/Src/usbh_core.o
                                      0xe986e (size before relaxing)
 .debug_str     0x00000000000f1fea       0x98 ./Middlewares/ST/STM32_USB_Host_Library/Core/Src/usbh_pipes.o
                                      0xe95ad (size before relaxing)
 .debug_str     0x00000000000f2082      0x15c ./USB_HOST/Target/usbh_conf.o
                                      0xea78d (size before relaxing)

.comment        0x0000000000000000       0x50
 .comment       0x0000000000000000       0x50 ./Core/Src/main.o
                                         0x51 (size before relaxing)
 .comment       0x0000000000000050       0x51 ./Core/Src/stm32f4xx_hal_msp.o
 .comment       0x0000000000000050       0x51 ./Core/Src/stm32f4xx_it.o
 .comment       0x0000000000000050       0x51 ./Core/Src/system_stm32f4xx.o
 .comment       0x0000000000000050       0x51 ./Drivers/STM32F4xx_HAL_Driver/Src/stm32f4xx_hal.o
 .comment       0x0000000000000050       0x51 ./Drivers/STM32F4xx_HAL_Driver/Src/stm32f4xx_hal_adc.o
 .comment       0x0000000000000050       0x51 ./Drivers/STM32F4xx_HAL_Driver/Src/stm32f4xx_hal_cortex.o
 .comment       0x0000000000000050       0x51 ./Drivers/STM32F4xx_HAL_Driver/Src/stm32f4xx_hal_dac.o
 .comment       0x0000000000000050       0x51 ./Drivers/STM32F4xx_HAL_Driver/Src/stm32f4xx_hal_dfsdm.o
 .comment       0x0000000000000050       0x51 ./Drivers/STM32F4xx_HAL_Driver/Src/stm32f4xx_hal_fmpi2c.o
 .comment       0x0000000000000050       0x51 ./Drivers/STM32F4xx_HAL_Driver/Src/stm32f4xx_hal_fmpi2c_ex.o
 .comment       0x0000000000000050       0x51 ./Drivers/STM32F4xx_HAL_Driver/Src/stm32f4xx_hal_gpio.o
 .comment       0x0000000000000050       0x51 ./Drivers/STM32F4xx_HAL_Driver/Src/stm32f4xx_hal_hcd.o
 .comment       0x0000000000000050       0x51 ./Drivers/STM32F4xx_HAL_Driver/Src/stm32f4xx_hal_i2s.o
 .comment       0x0000000000000050       0x51 ./Drivers/STM32F4xx_HAL_Driver/Src/stm32f4xx_hal_i2s_ex.o
 .comment       0x0000000000000050       0x51 ./Drivers/STM32F4xx_HAL_Driver/Src/stm32f4xx_hal_qspi.o
 .comment       0x0000000000000050       0x51 ./Drivers/STM32F4xx_HAL_Driver/Src/stm32f4xx_hal_rcc.o
 .comment       0x0000000000000050       0x51 ./Drivers/STM32F4xx_HAL_Driver/Src/stm32f4xx_hal_rcc_ex.o
 .comment       0x0000000000000050       0x51 ./Drivers/STM32F4xx_HAL_Driver/Src/stm32f4xx_hal_sram.o
 .comment       0x0000000000000050       0x51 ./Drivers/STM32F4xx_HAL_Driver/Src/stm32f4xx_hal_tim.o
 .comment       0x0000000000000050       0x51 ./Drivers/STM32F4xx_HAL_Driver/Src/stm32f4xx_hal_tim_ex.o
 .comment       0x0000000000000050       0x51 ./Drivers/STM32F4xx_HAL_Driver/Src/stm32f4xx_hal_uart.o
 .comment       0x0000000000000050       0x51 ./Drivers/STM32F4xx_HAL_Driver/Src/stm32f4xx_ll_fsmc.o
 .comment       0x0000000000000050       0x51 ./Drivers/STM32F4xx_HAL_Driver/Src/stm32f4xx_ll_usb.o
 .comment       0x0000000000000050       0x51 ./Middlewares/ST/STM32_USB_Host_Library/Core/Src/usbh_core.o
 .comment       0x0000000000000050       0x51 ./Middlewares/ST/STM32_USB_Host_Library/Core/Src/usbh_pipes.o
 .comment       0x0000000000000050       0x51 ./USB_HOST/Target/usbh_conf.o

.debug_frame    0x0000000000000000     0x7af8
 .debug_frame   0x0000000000000000      0x26c ./Core/Src/main.o
 .debug_frame   0x000000000000026c      0x358 ./Core/Src/stm32f4xx_hal_msp.o
 .debug_frame   0x00000000000005c4      0x13c ./Core/Src/stm32f4xx_it.o
 .debug_frame   0x0000000000000700       0x58 ./Core/Src/system_stm32f4xx.o
 .debug_frame   0x0000000000000758      0x374 ./Drivers/STM32F4xx_HAL_Driver/Src/stm32f4xx_hal.o
 .debug_frame   0x0000000000000acc      0x3fc ./Drivers/STM32F4xx_HAL_Driver/Src/stm32f4xx_hal_adc.o
 .debug_frame   0x0000000000000ec8      0x498 ./Drivers/STM32F4xx_HAL_Driver/Src/stm32f4xx_hal_cortex.o
 .debug_frame   0x0000000000001360      0x338 ./Drivers/STM32F4xx_HAL_Driver/Src/stm32f4xx_hal_dac.o
 .debug_frame   0x0000000000001698      0xc58 ./Drivers/STM32F4xx_HAL_Driver/Src/stm32f4xx_hal_dfsdm.o
 .debug_frame   0x00000000000022f0      0xbe8 ./Drivers/STM32F4xx_HAL_Driver/Src/stm32f4xx_hal_fmpi2c.o
 .debug_frame   0x0000000000002ed8       0xb0 ./Drivers/STM32F4xx_HAL_Driver/Src/stm32f4xx_hal_fmpi2c_ex.o
 .debug_frame   0x0000000000002f88      0x14c ./Drivers/STM32F4xx_HAL_Driver/Src/stm32f4xx_hal_gpio.o
 .debug_frame   0x00000000000030d4      0x450 ./Drivers/STM32F4xx_HAL_Driver/Src/stm32f4xx_hal_hcd.o
 .debug_frame   0x0000000000003524      0x484 ./Drivers/STM32F4xx_HAL_Driver/Src/stm32f4xx_hal_i2s.o
 .debug_frame   0x00000000000039a8      0x220 ./Drivers/STM32F4xx_HAL_Driver/Src/stm32f4xx_hal_i2s_ex.o
 .debug_frame   0x0000000000003bc8      0x6a0 ./Drivers/STM32F4xx_HAL_Driver/Src/stm32f4xx_hal_qspi.o
 .debug_frame   0x0000000000004268      0x1f4 ./Drivers/STM32F4xx_HAL_Driver/Src/stm32f4xx_hal_rcc.o
 .debug_frame   0x000000000000445c      0x16c ./Drivers/STM32F4xx_HAL_Driver/Src/stm32f4xx_hal_rcc_ex.o
 .debug_frame   0x00000000000045c8      0x30c ./Drivers/STM32F4xx_HAL_Driver/Src/stm32f4xx_hal_sram.o
 .debug_frame   0x00000000000048d4     0x11c4 ./Drivers/STM32F4xx_HAL_Driver/Src/stm32f4xx_hal_tim.o
 .debug_frame   0x0000000000005a98      0x638 ./Drivers/STM32F4xx_HAL_Driver/Src/stm32f4xx_hal_tim_ex.o
 .debug_frame   0x00000000000060d0      0x92c ./Drivers/STM32F4xx_HAL_Driver/Src/stm32f4xx_hal_uart.o
 .debug_frame   0x00000000000069fc      0x100 ./Drivers/STM32F4xx_HAL_Driver/Src/stm32f4xx_ll_fsmc.o
 .debug_frame   0x0000000000006afc      0x7c0 ./Drivers/STM32F4xx_HAL_Driver/Src/stm32f4xx_ll_usb.o
 .debug_frame   0x00000000000072bc      0x338 ./Middlewares/ST/STM32_USB_Host_Library/Core/Src/usbh_core.o
 .debug_frame   0x00000000000075f4       0xcc ./Middlewares/ST/STM32_USB_Host_Library/Core/Src/usbh_pipes.o
 .debug_frame   0x00000000000076c0      0x38c ./USB_HOST/Target/usbh_conf.o
 .debug_frame   0x0000000000007a4c       0x2c c:/st/stm32cubeide_1.11.2/stm32cubeide/plugins/com.st.stm32cube.ide.mcu.externaltools.gnu-tools-for-stm32.10.3-2021.10.win32_1.0.100.202210260954/tools/bin/../lib/gcc/arm-none-eabi/10.3.1/../../../../arm-none-eabi/lib/thumb/v7e-m+fp/hard\libc_nano.a(lib_a-init.o)
 .debug_frame   0x0000000000007a78       0x20 c:/st/stm32cubeide_1.11.2/stm32cubeide/plugins/com.st.stm32cube.ide.mcu.externaltools.gnu-tools-for-stm32.10.3-2021.10.win32_1.0.100.202210260954/tools/bin/../lib/gcc/arm-none-eabi/10.3.1/../../../../arm-none-eabi/lib/thumb/v7e-m+fp/hard\libc_nano.a(lib_a-memset.o)
 .debug_frame   0x0000000000007a98       0x2c c:/st/stm32cubeide_1.11.2/stm32cubeide/plugins/com.st.stm32cube.ide.mcu.externaltools.gnu-tools-for-stm32.10.3-2021.10.win32_1.0.100.202210260954/tools/bin/../lib/gcc/arm-none-eabi/10.3.1/thumb/v7e-m+fp/hard\libgcc.a(_aeabi_uldivmod.o)
 .debug_frame   0x0000000000007ac4       0x34 c:/st/stm32cubeide_1.11.2/stm32cubeide/plugins/com.st.stm32cube.ide.mcu.externaltools.gnu-tools-for-stm32.10.3-2021.10.win32_1.0.100.202210260954/tools/bin/../lib/gcc/arm-none-eabi/10.3.1/thumb/v7e-m+fp/hard\libgcc.a(_udivmoddi4.o)
