../Core/Src/main.c:91:6:LED3_Init	32	static
../Core/Src/main.c:116:5:main	8	static
../Core/Src/main.c:179:6:SystemClock_Config	88	static
../Core/Src/main.c:228:13:MX_ADC1_Init	24	static
../Core/Src/main.c:280:13:MX_DAC_Init	16	static
../Core/Src/main.c:320:13:MX_DFSDM1_Init	8	static
../Core/Src/main.c:358:13:MX_DFSDM2_Init	8	static
../Core/Src/main.c:413:13:MX_FMPI2C1_Init	8	static
../Core/Src/main.c:454:13:MX_I2S2_Init	8	static
../Core/Src/main.c:488:13:MX_QUADSPI_Init	8	static
../Core/Src/main.c:523:13:MX_SDIO_SD_Init	8	static
../Core/Src/main.c:559:13:MX_TIM6_Init	16	static
../Core/Src/main.c:597:13:MX_TIM7_Init	16	static
../Core/Src/main.c:635:13:MX_UART10_Init	8	static
../Core/Src/main.c:668:13:MX_USART6_UART_Init	8	static
../Core/Src/main.c:701:13:MX_GPIO_Init	64	static
../Core/Src/main.c:860:13:MX_FSMC_Init	40	static
../Core/Src/main.c:950:6:HAL_TIM_PeriodElapsedCallback	16	static
../Core/Src/main.c:964:6:Error_Handler	4	static,ignoring_inline_asm
