../Core/Src/stm32f4xx_hal_msp.c:63:6:HAL_MspInit	16	static
../Core/Src/stm32f4xx_hal_msp.c:85:6:HAL_ADC_MspInit	56	static
../Core/Src/stm32f4xx_hal_msp.c:135:6:HAL_ADC_MspDeInit	16	static
../Core/Src/stm32f4xx_hal_msp.c:172:6:HAL_DAC_MspInit	48	static
../Core/Src/stm32f4xx_hal_msp.c:205:6:HAL_DAC_MspDeInit	16	static
../Core/Src/stm32f4xx_hal_msp.c:235:6:HAL_DFSDM_ChannelMspInit	152	static
../Core/Src/stm32f4xx_hal_msp.c:343:6:HAL_DFSDM_ChannelMspDeInit	16	static
../Core/Src/stm32f4xx_hal_msp.c:405:6:HAL_FMPI2C_MspInit	136	static
../Core/Src/stm32f4xx_hal_msp.c:451:6:HAL_FMPI2C_MspDeInit	16	static
../Core/Src/stm32f4xx_hal_msp.c:480:6:HAL_I2S_MspInit	144	static
../Core/Src/stm32f4xx_hal_msp.c:566:6:HAL_I2S_MspDeInit	16	static
../Core/Src/stm32f4xx_hal_msp.c:604:6:HAL_QSPI_MspInit	64	static
../Core/Src/stm32f4xx_hal_msp.c:676:6:HAL_QSPI_MspDeInit	16	static
../Core/Src/stm32f4xx_hal_msp.c:717:6:HAL_SD_MspInit	136	static
../Core/Src/stm32f4xx_hal_msp.c:777:6:HAL_SD_MspDeInit	16	static
../Core/Src/stm32f4xx_hal_msp.c:813:6:HAL_TIM_Base_MspInit	24	static
../Core/Src/stm32f4xx_hal_msp.c:849:6:HAL_TIM_Base_MspDeInit	16	static
../Core/Src/stm32f4xx_hal_msp.c:885:6:HAL_UART_MspInit	56	static
../Core/Src/stm32f4xx_hal_msp.c:945:6:HAL_UART_MspDeInit	16	static
../Core/Src/stm32f4xx_hal_msp.c:988:13:HAL_FSMC_MspInit	32	static
../Core/Src/stm32f4xx_hal_msp.c:1083:6:HAL_SRAM_MspInit	16	static
../Core/Src/stm32f4xx_hal_msp.c:1095:13:HAL_FSMC_MspDeInit	8	static
../Core/Src/stm32f4xx_hal_msp.c:1168:6:HAL_SRAM_MspDeInit	16	static
